Archive member included to satisfy reference by file (symbol)

C:/ST/STM32CubeIDE_2.0.0/STM32CubeIDE/plugins/com.st.stm32cube.ide.mcu.externaltools.gnu-tools-for-stm32.13.3.rel1.win32_1.0.100.202509120712/tools/bin/../lib/gcc/arm-none-eabi/13.3.1/../../../../arm-none-eabi/lib/thumb/v7e-m+fp/hard\libstdc++_nano.a(del_ops.o)
                              ./Src/lib.o (operator delete(void*, unsigned int))
C:/ST/STM32CubeIDE_2.0.0/STM32CubeIDE/plugins/com.st.stm32cube.ide.mcu.externaltools.gnu-tools-for-stm32.13.3.rel1.win32_1.0.100.202509120712/tools/bin/../lib/gcc/arm-none-eabi/13.3.1/../../../../arm-none-eabi/lib/thumb/v7e-m+fp/hard\libstdc++_nano.a(new_op.o)
                              ./Src/lib.o (operator new(unsigned int))
C:/ST/STM32CubeIDE_2.0.0/STM32CubeIDE/plugins/com.st.stm32cube.ide.mcu.externaltools.gnu-tools-for-stm32.13.3.rel1.win32_1.0.100.202509120712/tools/bin/../lib/gcc/arm-none-eabi/13.3.1/../../../../arm-none-eabi/lib/thumb/v7e-m+fp/hard\libstdc++_nano.a(new_opv.o)
                              ./Src/lib.o (operator new[](unsigned int))
C:/ST/STM32CubeIDE_2.0.0/STM32CubeIDE/plugins/com.st.stm32cube.ide.mcu.externaltools.gnu-tools-for-stm32.13.3.rel1.win32_1.0.100.202509120712/tools/bin/../lib/gcc/arm-none-eabi/13.3.1/../../../../arm-none-eabi/lib/thumb/v7e-m+fp/hard\libstdc++_nano.a(del_op.o)
                              C:/ST/STM32CubeIDE_2.0.0/STM32CubeIDE/plugins/com.st.stm32cube.ide.mcu.externaltools.gnu-tools-for-stm32.13.3.rel1.win32_1.0.100.202509120712/tools/bin/../lib/gcc/arm-none-eabi/13.3.1/../../../../arm-none-eabi/lib/thumb/v7e-m+fp/hard\libstdc++_nano.a(del_ops.o) (operator delete(void*))
C:/ST/STM32CubeIDE_2.0.0/STM32CubeIDE/plugins/com.st.stm32cube.ide.mcu.externaltools.gnu-tools-for-stm32.13.3.rel1.win32_1.0.100.202509120712/tools/bin/../lib/gcc/arm-none-eabi/13.3.1/../../../../arm-none-eabi/lib/thumb/v7e-m+fp/hard\libstdc++_nano.a(new_handler.o)
                              C:/ST/STM32CubeIDE_2.0.0/STM32CubeIDE/plugins/com.st.stm32cube.ide.mcu.externaltools.gnu-tools-for-stm32.13.3.rel1.win32_1.0.100.202509120712/tools/bin/../lib/gcc/arm-none-eabi/13.3.1/../../../../arm-none-eabi/lib/thumb/v7e-m+fp/hard\libstdc++_nano.a(new_op.o) (std::get_new_handler())
C:/ST/STM32CubeIDE_2.0.0/STM32CubeIDE/plugins/com.st.stm32cube.ide.mcu.externaltools.gnu-tools-for-stm32.13.3.rel1.win32_1.0.100.202509120712/tools/bin/../lib/gcc/arm-none-eabi/13.3.1/../../../../arm-none-eabi/lib/thumb/v7e-m+fp/hard\libc_nano.a(libc_a-abort.o)
                              ./Src/lib.o (abort)
C:/ST/STM32CubeIDE_2.0.0/STM32CubeIDE/plugins/com.st.stm32cube.ide.mcu.externaltools.gnu-tools-for-stm32.13.3.rel1.win32_1.0.100.202509120712/tools/bin/../lib/gcc/arm-none-eabi/13.3.1/../../../../arm-none-eabi/lib/thumb/v7e-m+fp/hard\libc_nano.a(libc_a-exit.o)
                              C:/ST/STM32CubeIDE_2.0.0/STM32CubeIDE/plugins/com.st.stm32cube.ide.mcu.externaltools.gnu-tools-for-stm32.13.3.rel1.win32_1.0.100.202509120712/tools/bin/../lib/gcc/arm-none-eabi/13.3.1/../../../../arm-none-eabi/lib/thumb/v7e-m+fp/hard/crt0.o (exit)
C:/ST/STM32CubeIDE_2.0.0/STM32CubeIDE/plugins/com.st.stm32cube.ide.mcu.externaltools.gnu-tools-for-stm32.13.3.rel1.win32_1.0.100.202509120712/tools/bin/../lib/gcc/arm-none-eabi/13.3.1/../../../../arm-none-eabi/lib/thumb/v7e-m+fp/hard\libc_nano.a(libc_a-malloc.o)
                              C:/ST/STM32CubeIDE_2.0.0/STM32CubeIDE/plugins/com.st.stm32cube.ide.mcu.externaltools.gnu-tools-for-stm32.13.3.rel1.win32_1.0.100.202509120712/tools/bin/../lib/gcc/arm-none-eabi/13.3.1/../../../../arm-none-eabi/lib/thumb/v7e-m+fp/hard\libstdc++_nano.a(new_op.o) (malloc)
C:/ST/STM32CubeIDE_2.0.0/STM32CubeIDE/plugins/com.st.stm32cube.ide.mcu.externaltools.gnu-tools-for-stm32.13.3.rel1.win32_1.0.100.202509120712/tools/bin/../lib/gcc/arm-none-eabi/13.3.1/../../../../arm-none-eabi/lib/thumb/v7e-m+fp/hard\libc_nano.a(libc_a-mallocr.o)
                              C:/ST/STM32CubeIDE_2.0.0/STM32CubeIDE/plugins/com.st.stm32cube.ide.mcu.externaltools.gnu-tools-for-stm32.13.3.rel1.win32_1.0.100.202509120712/tools/bin/../lib/gcc/arm-none-eabi/13.3.1/../../../../arm-none-eabi/lib/thumb/v7e-m+fp/hard\libc_nano.a(libc_a-malloc.o) (_malloc_r)
C:/ST/STM32CubeIDE_2.0.0/STM32CubeIDE/plugins/com.st.stm32cube.ide.mcu.externaltools.gnu-tools-for-stm32.13.3.rel1.win32_1.0.100.202509120712/tools/bin/../lib/gcc/arm-none-eabi/13.3.1/../../../../arm-none-eabi/lib/thumb/v7e-m+fp/hard\libc_nano.a(libc_a-mlock.o)
                              C:/ST/STM32CubeIDE_2.0.0/STM32CubeIDE/plugins/com.st.stm32cube.ide.mcu.externaltools.gnu-tools-for-stm32.13.3.rel1.win32_1.0.100.202509120712/tools/bin/../lib/gcc/arm-none-eabi/13.3.1/../../../../arm-none-eabi/lib/thumb/v7e-m+fp/hard\libc_nano.a(libc_a-mallocr.o) (__malloc_lock)
[...]
Memory Configuration

Name             Origin             Length             Attributes
RAM              0x20000000         0x00010000         xrw
SRAM2            0x10000000         0x00004000         xrw
FLASH            0x08000000         0x00040000         xr
*default*        0x00000000         0xffffffff

Linker script and memory map

LOAD C:/ST/STM32CubeIDE_2.0.0/STM32CubeIDE/plugins/com.st.stm32cube.ide.mcu.externaltools.gnu-tools-for-stm32.13.3.rel1.win32_1.0.100.202509120712/tools/bin/../lib/gcc/arm-none-eabi/13.3.1/thumb/v7e-m+fp/hard/crti.o
LOAD C:/ST/STM32CubeIDE_2.0.0/STM32CubeIDE/plugins/com.st.stm32cube.ide.mcu.externaltools.gnu-tools-for-stm32.13.3.rel1.win32_1.0.100.202509120712/tools/bin/../lib/gcc/arm-none-eabi/13.3.1/thumb/v7e-m+fp/hard/crtbegin.o
LOAD C:/ST/STM32CubeIDE_2.0.0/STM32CubeIDE/plugins/com.st.stm32cube.ide.mcu.externaltools.gnu-tools-for-stm32.13.3.rel1.win32_1.0.100.202509120712/tools/bin/../lib/gcc/arm-none-eabi/13.3.1/../../../../arm-none-eabi/lib/thumb/v7e-m+fp/hard/crt0.o
LOAD ./Src/lib.o
LOAD ./Src/main.o
LOAD ./Src/startup.o
START GROUP
LOAD C:/ST/STM32CubeIDE_2.0.0/STM32CubeIDE/plugins/com.st.stm32cube.ide.mcu.externaltools.gnu-tools-for-stm32.13.3.rel1.win32_1.0.100.202509120712/tools/bin/../lib/gcc/arm-none-eabi/13.3.1/../../../../arm-none-eabi/lib/thumb/v7e-m+fp/hard\libstdc++_nano.a
LOAD C:/ST/STM32CubeIDE_2.0.0/STM32CubeIDE/plugins/com.st.stm32cube.ide.mcu.externaltools.gnu-tools-for-stm32.13.3.rel1.win32_1.0.100.202509120712/tools/bin/../lib/gcc/arm-none-eabi/13.3.1/../../../../arm-none-eabi/lib/thumb/v7e-m+fp/hard\libsupc++_nano.a
END GROUP
LOAD C:/ST/STM32CubeIDE_2.0.0/STM32CubeIDE/plugins/com.st.stm32cube.ide.mcu.externaltools.gnu-tools-for-stm32.13.3.rel1.win32_1.0.100.202509120712/tools/bin/../lib/gcc/arm-none-eabi/13.3.1/../../../../arm-none-eabi/lib/thumb/v7e-m+fp/hard\libstdc++_nano.a
LOAD C:/ST/STM32CubeIDE_2.0.0/STM32CubeIDE/plugins/com.st.stm32cube.ide.mcu.externaltools.gnu-tools-for-stm32.13.3.rel1.win32_1.0.100.202509120712/tools/bin/../lib/gcc/arm-none-eabi/13.3.1/../../../../arm-none-eabi/lib/thumb/v7e-m+fp/hard\libm.a
LOAD C:/ST/STM32CubeIDE_2.0.0/STM32CubeIDE/plugins/com.st.stm32cube.ide.mcu.externaltools.gnu-tools-for-stm32.13.3.rel1.win32_1.0.100.202509120712/tools/bin/../lib/gcc/arm-none-eabi/13.3.1/../../../../arm-none-eabi/lib/thumb/v7e-m+fp/hard\libc_nano.a
START GROUP
LOAD C:/ST/STM32CubeIDE_2.0.0/STM32CubeIDE/plugins/com.st.stm32cube.ide.mcu.externaltools.gnu-tools-for-stm32.13.3.rel1.win32_1.0.100.202509120712/tools/bin/../lib/gcc/arm-none-eabi/13.3.1/thumb/v7e-m+fp/hard\libgcc.a
LOAD C:/ST/STM32CubeIDE_2.0.0/STM32CubeIDE/plugins/com.st.stm32cube.ide.mcu.externaltools.gnu-tools-for-stm32.13.3.rel1.win32_1.0.100.202509120712/tools/bin/../lib/gcc/arm-none-eabi/13.3.1/../../../../arm-none-eabi/lib/thumb/v7e-m+fp/hard\libc_nano.a
END GROUP
START GROUP
LOAD C:/ST/STM32CubeIDE_2.0.0/STM32CubeIDE/plugins/com.st.stm32cube.ide.mcu.externaltools.gnu-tools-for-stm32.13.3.rel1.win32_1.0.100.202509120712/tools/bin/../lib/gcc/arm-none-eabi/13.3.1/thumb/v7e-m+fp/hard\libgcc.a
LOAD C:/ST/STM32CubeIDE_2.0.0/STM32CubeIDE/plugins/com.st.stm32cube.ide.mcu.externaltools.gnu-tools-for-stm32.13.3.rel1.win32_1.0.100.202509120712/tools/bin/../lib/gcc/arm-none-eabi/13.3.1/../../../../arm-none-eabi/lib/thumb/v7e-m+fp/hard\libc_nano.a
LOAD C:/ST/STM32CubeIDE_2.0.0/STM32CubeIDE/plugins/com.st.stm32cube.ide.mcu.externaltools.gnu-tools-for-stm32.13.3.rel1.win32_1.0.100.202509120712/tools/bin/../lib/gcc/arm-none-eabi/13.3.1/../../../../arm-none-eabi/lib/thumb/v7e-m+fp/hard\libnosys.a
END GROUP
START GROUP
LOAD C:/ST/STM32CubeIDE_2.0.0/STM32CubeIDE/plugins/com.st.stm32cube.ide.mcu.externaltools.gnu-tools-for-stm32.13.3.rel1.win32_1.0.100.202509120712/tools/bin/../lib/gcc/arm-none-eabi/13.3.1/thumb/v7e-m+fp/hard\libgcc.a
LOAD C:/ST/STM32CubeIDE_2.0.0/STM32CubeIDE/plugins/com.st.stm32cube.ide.mcu.externaltools.gnu-tools-for-stm32.13.3.rel1.win32_1.0.100.202509120712/tools/bin/../lib/gcc/arm-none-eabi/13.3.1/../../../../arm-none-eabi/lib/thumb/v7e-m+fp/hard\libc_nano.a
LOAD C:/ST/STM32CubeIDE_2.0.0/STM32CubeIDE/plugins/com.st.stm32cube.ide.mcu.externaltools.gnu-tools-for-stm32.13.3.rel1.win32_1.0.100.202509120712/tools/bin/../lib/gcc/arm-none-eabi/13.3.1/../../../../arm-none-eabi/lib/thumb/v7e-m+fp/hard\libnosys.a
END GROUP
LOAD C:/ST/STM32CubeIDE_2.0.0/STM32CubeIDE/plugins/com.st.stm32cube.ide.mcu.externaltools.gnu-tools-for-stm32.13.3.rel1.win32_1.0.100.202509120712/tools/bin/../lib/gcc/arm-none-eabi/13.3.1/thumb/v7e-m+fp/hard/crtend.o
LOAD C:/ST/STM32CubeIDE_2.0.0/STM32CubeIDE/plugins/com.st.stm32cube.ide.mcu.externaltools.gnu-tools-for-stm32.13.3.rel1.win32_1.0.100.202509120712/tools/bin/../lib/gcc/arm-none-eabi/13.3.1/thumb/v7e-m+fp/hard/crtn.o
                0x20010000                        _estack = (ORIGIN (RAM) + LENGTH (RAM))
                0x00000c00                        _Min_Heap_Size = 0xc00
                0x00000c00                        _Min_Stack_Size = 0xc00

.isr_vector     0x08000000      0x194
                0x08000000                        . = ALIGN (0x4)
 *(.isr_vector)
 .isr_vector    0x08000000      0x194 ./Src/startup.o
                0x08000000                g_pfnVectors
                0x08000194                        . = ALIGN (0x4)

.text           0x080001a0     0x47a8
                0x080001a0                        . = ALIGN (0x4)
 *(.text)
 .text          0x080001a0       0x40 C:/ST/STM32CubeIDE_2.0.0/STM32CubeIDE/plugins/com.st.stm32cube.ide.mcu.externaltools.gnu-tools-for-stm32.13.3.rel1.win32_1.0.100.202509120712/tools/bin/../lib/gcc/arm-none-eabi/13.3.1/thumb/v7e-m+fp/hard/crtbegin.o
 .text          0x080001e0       0x2c ./Src/startup.o
                0x080001f4                save_context
                0x08000202                load_context
 .text          0x0800020c       0x10 C:/ST/STM32CubeIDE_2.0.0/STM32CubeIDE/plugins/com.st.stm32cube.ide.mcu.externaltools.gnu-tools-for-stm32.13.3.rel1.win32_1.0.100.202509120712/tools/bin/../lib/gcc/arm-none-eabi/13.3.1/../../../../arm-none-eabi/lib/thumb/v7e-m+fp/hard\libc_nano.a(libc_a-strlen.o)
                0x0800020c                strlen
 *fill*         0x0800021c        0x4 
 .text          0x08000220       0xa0 C:/ST/STM32CubeIDE_2.0.0/STM32CubeIDE/plugins/com.st.stm32cube.ide.mcu.externaltools.gnu-tools-for-stm32.13.3.rel1.win32_1.0.100.202509120712/tools/bin/../lib/gcc/arm-none-eabi/13.3.1/../../../../arm-none-eabi/lib/thumb/v7e-m+fp/hard\libc_nano.a(libc_a-memchr.o)
                0x08000220                memchr
 .text          0x080002c0      0x378 C:/ST/STM32CubeIDE_2.0.0/STM32CubeIDE/plugins/com.st.stm32cube.ide.mcu.externaltools.gnu-tools-for-stm32.13.3.rel1.win32_1.0.100.202509120712/tools/bin/../lib/gcc/arm-none-eabi/13.3.1/thumb/v7e-m+fp/hard\libgcc.a(_arm_addsubdf3.o)
                0x080002c0                __aeabi_drsub
                0x080002c8                __aeabi_dsub
                0x080002c8                __subdf3
                0x080002cc                __aeabi_dadd
                0x080002cc                __adddf3
                0x08000544                __floatunsidf
                0x08000544                __aeabi_ui2d
                0x08000564                __floatsidf
                0x08000564                __aeabi_i2d
                0x08000588                __aeabi_f2d
                0x08000588                __extendsfdf2
                0x080005cc                __floatundidf
                0x080005cc                __aeabi_ul2d
                0x080005dc                __floatdidf
                0x080005dc                __aeabi_l2d
 .text          0x08000638      0x424 C:/ST/STM32CubeIDE_2.0.0/STM32CubeIDE/plugins/com.st.stm32cube.ide.mcu.externaltools.gnu-tools-for-stm32.13.3.rel1.win32_1.0.100.202509120712/tools/bin/../lib/gcc/arm-none-eabi/13.3.1/thumb/v7e-m+fp/hard\libgcc.a(_arm_muldivdf3.o)
                0x08000638                __aeabi_dmul
                0x08000638                __muldf3
                0x0800088c                __divdf3
                0x0800088c                __aeabi_ddiv
 .text          0x08000a5c       0x40 C:/ST/STM32CubeIDE_2.0.0/STM32CubeIDE/plugins/com.st.stm32cube.ide.mcu.externaltools.gnu-tools-for-stm32.13.3.rel1.win32_1.0.100.202509120712/tools/bin/../lib/gcc/arm-none-eabi/13.3.1/thumb/v7e-m+fp/hard\libgcc.a(_arm_fixunsdfsi.o)
                0x08000a5c                __aeabi_d2uiz
                0x08000a5c                __fixunsdfsi
 .text          0x08000a9c      0xa48 C:/ST/STM32CubeIDE_2.0.0/STM32CubeIDE/plugins/com.st.stm32cube.ide.mcu.externaltools.gnu-tools-for-stm32.13.3.rel1.win32_1.0.100.202509120712/tools/bin/../lib/gcc/arm-none-eabi/13.3.1/thumb/v7e-m+fp/hard\libgcc.a(unwind-arm.o)
                0x08000d58                _Unwind_GetCFA
                0x08000d5c                __gnu_Unwind_RaiseException
                0x08000dc4                __gnu_Unwind_ForcedUnwind
                0x08000dd4                __gnu_Unwind_Resume
                0x08000e18                __gnu_Unwind_Resume_or_Rethrow
                0x08000e28                _Unwind_Complete
                0x08000e2c                _Unwind_DeleteException
                0x08000e38                _Unwind_VRS_Get
                0x08000e88                _Unwind_VRS_Set
                0x08000ed4                __gnu_Unwind_Backtrace
                0x080011fc                __aeabi_unwind_cpp_pr0
                0x08001200                __aeabi_unwind_cpp_pr1
                0x08001204                __aeabi_unwind_cpp_pr2
                0x08001208                _Unwind_VRS_Pop
 .text          0x080014e4      0x1ac C:/ST/STM32CubeIDE_2.0.0/STM32CubeIDE/plugins/com.st.stm32cube.ide.mcu.externaltools.gnu-tools-for-stm32.13.3.rel1.win32_1.0.100.202509120712/tools/bin/../lib/gcc/arm-none-eabi/13.3.1/thumb/v7e-m+fp/hard\libgcc.a(libunwind.o)
                0x080014e4                __restore_core_regs
                0x080014e4                restore_core_regs
                0x080014fc                __gnu_Unwind_Restore_VFP
                0x08001504                __gnu_Unwind_Save_VFP
                0x0800150c                __gnu_Unwind_Restore_VFP_D
                0x08001514                __gnu_Unwind_Save_VFP_D
                0x0800151c                __gnu_Unwind_Restore_VFP_D_16_to_31
                0x08001524                __gnu_Unwind_Save_VFP_D_16_to_31
                0x0800152c                __gnu_Unwind_Restore_WMMXD
                0x08001570                __gnu_Unwind_Save_WMMXD
                0x080015b4                __gnu_Unwind_Restore_WMMXC
                0x080015c8                __gnu_Unwind_Save_WMMXC
                0x080015dc                ___Unwind_RaiseException
                0x080015dc                _Unwind_RaiseException
                0x08001600                _Unwind_Resume
                0x08001600                ___Unwind_Resume
                0x08001624                _Unwind_Resume_or_Rethrow
                0x08001624                ___Unwind_Resume_or_Rethrow
                0x08001648                _Unwind_ForcedUnwind
                0x08001648                ___Unwind_ForcedUnwind
                0x0800166c                ___Unwind_Backtrace
                0x0800166c                _Unwind_Backtrace
 .text          0x08001690      0x3a0 C:/ST/STM32CubeIDE_2.0.0/STM32CubeIDE/plugins/com.st.stm32cube.ide.mcu.externaltools.gnu-tools-for-stm32.13.3.rel1.win32_1.0.100.202509120712/tools/bin/../lib/gcc/arm-none-eabi/13.3.1/thumb/v7e-m+fp/hard\libgcc.a(pr-support.o)
                0x080016e8                __gnu_unwind_execute
                0x080019e4                __gnu_unwind_frame
                0x08001a10                _Unwind_GetRegionStart
                0x08001a1c                _Unwind_GetLanguageSpecificData
 *(.text*)
 .text.__NVIC_EnableIRQ
                0x08001a30       0x3c ./Src/lib.o
 .text.__NVIC_SystemReset
                0x08001a6c       0x2c ./Src/lib.o
 .text._ZN9EmbSysLib3Dev7Digital3setEv
                0x08001a98       0x1e ./Src/lib.o
                0x08001a98                EmbSysLib::Dev::Digital::set()
 .text._ZN9EmbSysLib3Dev7Digital3clrEv
                0x08001ab6       0x1e ./Src/lib.o
                0x08001ab6                EmbSysLib::Dev::Digital::clr()
 .text._ZN9EmbSysLib3Dev7Digital6toggleEv
                0x08001ad4       0x28 ./Src/lib.o
                0x08001ad4                EmbSysLib::Dev::Digital::toggle()
 .text._ZN9EmbSysLib3Dev7Digital8getEventEv
                0x08001afc       0x46 ./Src/lib.o
                0x08001afc                EmbSysLib::Dev::Digital::getEvent()
 .text._ZN9EmbSysLib3Dev7DigitalaSEb
                0x08001b42       0x26 ./Src/lib.o
                0x08001b42                EmbSysLib::Dev::Digital::operator=(bool)
 .text._ZN9EmbSysLib3Dev7DigitalaSERS1_
                0x08001b68       0x32 ./Src/lib.o
                0x08001b68                EmbSysLib::Dev::Digital::operator=(EmbSysLib::Dev::Digital&)
 .text._ZN9EmbSysLib3Dev7DigitalcvbEv
                0x08001b9a       0x1e ./Src/lib.o
                0x08001b9a                EmbSysLib::Dev::Digital::operator bool()
 .text._ZN9EmbSysLib3Dev8Terminal8remapESCEt
                0x08001bb8       0xb0 ./Src/lib.o
                0x08001bb8                EmbSysLib::Dev::Terminal::remapESC(unsigned short)
 .text._ZN9EmbSysLib3Dev8Terminal8isNumberEh
                0x08001c68       0x2a ./Src/lib.o
                0x08001c68                EmbSysLib::Dev::Terminal::isNumber(unsigned char)
 *fill*         0x08001c92        0x2 
 .text._ZN9EmbSysLib2Hw6System16disableInterruptEv
                0x08001c94       0x24 ./Src/lib.o
                0x08001c94                EmbSysLib::Hw::System::disableInterrupt()
 .text._ZN9EmbSysLib2Hw6System15enableInterruptEv
                0x08001cb8       0x34 ./Src/lib.o
                0x08001cb8                EmbSysLib::Hw::System::enableInterrupt()
 .text._ZN9EmbSysLib2Hw6System5resetEv
                0x08001cec        0x8 ./Src/lib.o
                0x08001cec                EmbSysLib::Hw::System::reset()
 .text.SystemInit
                0x08001cf4      0x118 ./Src/lib.o
                0x08001cf4                SystemInit
 .text.__cxa_pure_virtual
                0x08001e0c        0x8 ./Src/lib.o
                0x08001e0c                __cxa_pure_virtual
 .text._ZN9EmbSysLib2Hw9PinConfig3setEP12GPIO_TypeDefhmh
                0x08001e14      0x11a ./Src/lib.o
                0x08001e14                EmbSysLib::Hw::PinConfig::set(GPIO_TypeDef*, unsigned char, unsigned long, unsigned char)
 *fill*         0x08001f2e        0x2 
 .text._ZN9EmbSysLib2Hw9PinConfig3setENS1_8FunctionEm
                0x08001f30      0x138 ./Src/lib.o
                0x08001f30                EmbSysLib::Hw::PinConfig::set(EmbSysLib::Hw::PinConfig::Function, unsigned long)
 .text.ADC1_IRQHandler
                0x08002068       0x30 ./Src/lib.o
                0x08002068                ADC1_IRQHandler
 .text._ZN9EmbSysLib2Hw10ExtInt_Mcu3isrEv
                0x08002098       0x1e ./Src/lib.o
                0x08002098                EmbSysLib::Hw::ExtInt_Mcu::isr()
 *fill*         0x080020b6        0x2 
 .text.EXTI_X_IRQHandler
                0x080020b8       0x3c ./Src/lib.o
                0x080020b8                EXTI_X_IRQHandler
 .text.EXTI0_IRQHandler
                0x080020f4        0xe ./Src/lib.o
                0x080020f4                EXTI0_IRQHandler
 .text.EXTI1_IRQHandler
                0x08002102        0xe ./Src/lib.o
                0x08002102                EXTI1_IRQHandler
 .text.EXTI2_IRQHandler
                0x08002110        0xe ./Src/lib.o
                0x08002110                EXTI2_IRQHandler
 .text.EXTI3_IRQHandler
                0x0800211e        0xe ./Src/lib.o
                0x0800211e                EXTI3_IRQHandler
 .text.EXTI4_IRQHandler
                0x0800212c        0xe ./Src/lib.o
                0x0800212c                EXTI4_IRQHandler
 *fill*         0x0800213a        0x2 
 .text.EXTI9_5_IRQHandler
                0x0800213c       0x4c ./Src/lib.o
                0x0800213c                EXTI9_5_IRQHandler
 .text.EXTI15_10_IRQHandler
                0x08002188       0x4c ./Src/lib.o
                0x08002188                EXTI15_10_IRQHandler
 .text._ZN9EmbSysLib2Hw8Port_McuC2ENS1_6PortIdE
                0x080021d4       0xc8 ./Src/lib.o
                0x080021d4                EmbSysLib::Hw::Port_Mcu::Port_Mcu(EmbSysLib::Hw::Port_Mcu::PortId)
                0x080021d4                EmbSysLib::Hw::Port_Mcu::Port_Mcu(EmbSysLib::Hw::Port_Mcu::PortId)
 .text._ZN9EmbSysLib2Hw8Port_Mcu7setModeEmNS0_4Port4ModeE
                0x0800229c       0x4a ./Src/lib.o
                0x0800229c                EmbSysLib::Hw::Port_Mcu::setMode(unsigned long, EmbSysLib::Hw::Port::Mode)
 .text._ZN9EmbSysLib2Hw8Port_Mcu10setPinModeEhNS0_4Port4ModeE
                0x080022e6       0x72 ./Src/lib.o
                0x080022e6                EmbSysLib::Hw::Port_Mcu::setPinMode(unsigned char, EmbSysLib::Hw::Port::Mode)
 .text._ZN9EmbSysLib2Hw8Port_Mcu3setEm
                0x08002358       0x1e ./Src/lib.o
                0x08002358                EmbSysLib::Hw::Port_Mcu::set(unsigned long)
 .text._ZN9EmbSysLib2Hw8Port_Mcu3setEmm
                0x08002376       0x34 ./Src/lib.o
                0x08002376                EmbSysLib::Hw::Port_Mcu::set(unsigned long, unsigned long)
 .text._ZN9EmbSysLib2Hw8Port_Mcu3clrEm
                0x080023aa       0x20 ./Src/lib.o
                0x080023aa                EmbSysLib::Hw::Port_Mcu::clr(unsigned long)
 .text._ZN9EmbSysLib2Hw8Port_Mcu3getEv
                0x080023ca       0x1a ./Src/lib.o
                0x080023ca                EmbSysLib::Hw::Port_Mcu::get()
 .text.SysTick_Handler
                0x080023e4       0x4c ./Src/lib.o
                0x080023e4                SysTick_Handler
 .text.PendSV_Handler
                0x08002430       0x3c ./Src/lib.o
                0x08002430                PendSV_Handler
 *fill*         0x0800246c        0x4 
 .text._ZN9EmbSysLib2Hw9Timer_McuC2ENS1_7TimerIdEm
                0x08002470      0x200 ./Src/lib.o
                0x08002470                EmbSysLib::Hw::Timer_Mcu::Timer_Mcu(EmbSysLib::Hw::Timer_Mcu::TimerId, unsigned long)
                0x08002470                EmbSysLib::Hw::Timer_Mcu::Timer_Mcu(EmbSysLib::Hw::Timer_Mcu::TimerId, unsigned long)
 .text._ZN9EmbSysLib2Hw9Timer_Mcu9enablePWMEhNS0_5Timer4ModeE
                0x08002670      0x1e8 ./Src/lib.o
                0x08002670                EmbSysLib::Hw::Timer_Mcu::enablePWM(unsigned char, EmbSysLib::Hw::Timer::Mode)
 .text._ZN9EmbSysLib2Hw9Timer_Mcu6setPWMEht
                0x08002858       0x7c ./Src/lib.o
                0x08002858                EmbSysLib::Hw::Timer_Mcu::setPWM(unsigned char, unsigned short)
 .text._ZN9EmbSysLib2Hw9Timer_Mcu3isrEv
                0x080028d4       0x26 ./Src/lib.o
                0x080028d4                EmbSysLib::Hw::Timer_Mcu::isr()
 *fill*         0x080028fa        0x2 
 .text.TIM2_IRQHandler
                0x080028fc       0x18 ./Src/lib.o
                0x080028fc                TIM2_IRQHandler
 .text.TIM6_DAC_IRQHandler
                0x08002914       0x18 ./Src/lib.o
                0x08002914                TIM6_DAC_IRQHandler
 .text.TIM7_IRQHandler
                0x0800292c       0x18 ./Src/lib.o
                0x0800292c                TIM7_IRQHandler
 .text._ZN9EmbSysLib2Hw8Uart_McuC2ENS1_8USART_IdEmtt
                0x08002944      0x104 ./Src/lib.o
                0x08002944                EmbSysLib::Hw::Uart_Mcu::Uart_Mcu(EmbSysLib::Hw::Uart_Mcu::USART_Id, unsigned long, unsigned short, unsigned short)
                0x08002944                EmbSysLib::Hw::Uart_Mcu::Uart_Mcu(EmbSysLib::Hw::Uart_Mcu::USART_Id, unsigned long, unsigned short, unsigned short)
 .text._ZN9EmbSysLib2Hw8Uart_Mcu7getByteEv
                0x08002a48       0x1e ./Src/lib.o
                0x08002a48                EmbSysLib::Hw::Uart_Mcu::getByte()
 .text._ZN9EmbSysLib2Hw8Uart_Mcu7setByteEh
                0x08002a66       0x22 ./Src/lib.o
                0x08002a66                EmbSysLib::Hw::Uart_Mcu::setByte(unsigned char)
 .text._ZN9EmbSysLib2Hw8Uart_Mcu11setBaudrateEm
                0x08002a88       0x9c ./Src/lib.o
                0x08002a88                EmbSysLib::Hw::Uart_Mcu::setBaudrate(unsigned long)
 .text._ZN9EmbSysLib2Hw8Uart_Mcu3isrEv
                0x08002b24       0x94 ./Src/lib.o
                0x08002b24                EmbSysLib::Hw::Uart_Mcu::isr()
 .text.USART1_IRQHandler
                0x08002bb8       0x18 ./Src/lib.o
                0x08002bb8                USART1_IRQHandler
 .text.USART2_IRQHandler
                0x08002bd0       0x18 ./Src/lib.o
                0x08002bd0                USART2_IRQHandler
 .text._ZN9EmbSysLib2Hw13USBdevice_Mcu3isrEv
                0x08002be8      0x130 ./Src/lib.o
                0x08002be8                EmbSysLib::Hw::USBdevice_Mcu::isr()
 .text._ZN9EmbSysLib2Hw13USBdevice_Mcu8EPconfig9clrCTR_RXEv
                0x08002d18       0x22 ./Src/lib.o
                0x08002d18                EmbSysLib::Hw::USBdevice_Mcu::EPconfig::clrCTR_RX()
 .text._ZN9EmbSysLib2Hw13USBdevice_Mcu8EPconfig9clrCTR_TXEv
                0x08002d3a       0x22 ./Src/lib.o
                0x08002d3a                EmbSysLib::Hw::USBdevice_Mcu::EPconfig::clrCTR_TX()
 .text.USB_IRQHandler
                0x08002d5c       0x18 ./Src/lib.o
                0x08002d5c                USB_IRQHandler
 .text._ZN9EmbSysLib3Std6ReportC2Et
                0x08002d74       0x26 ./Src/lib.o
                0x08002d74                EmbSysLib::Std::Report::Report(unsigned short)
                0x08002d74                EmbSysLib::Std::Report::Report(unsigned short)
 *fill*         0x08002d9a        0x2 
 .text._ZN9EmbSysLib3Std6Report5storeEt
                0x08002d9c       0x44 ./Src/lib.o
                0x08002d9c                EmbSysLib::Std::Report::store(unsigned short)
 .text._ZN9EmbSysLib3Std6Report5errorEt
                0x08002de0       0x48 ./Src/lib.o
                0x08002de0                EmbSysLib::Std::Report::error(unsigned short)
 .text._ZN9EmbSysLib3Std6Report7HandlerC2Ev
                0x08002e28       0x2c ./Src/lib.o
                0x08002e28                EmbSysLib::Std::Report::Handler::Handler()
                0x08002e28                EmbSysLib::Std::Report::Handler::Handler()
 .text._ZN9EmbSysLib3Std6Report7HandlerD2Ev
                0x08002e54       0x34 ./Src/lib.o
                0x08002e54                EmbSysLib::Std::Report::Handler::~Handler()
                0x08002e54                EmbSysLib::Std::Report::Handler::~Handler()
 .text._ZN9EmbSysLib2Hw4PortC2Et
                0x08002e88       0x30 ./Src/lib.o
                0x08002e88                EmbSysLib::Hw::Port::Port(unsigned short)
                0x08002e88                EmbSysLib::Hw::Port::Port(unsigned short)
 .text._ZN9EmbSysLib2Hw4Port3PinC2ERS1_h
                0x08002eb8       0x40 ./Src/lib.o
                0x08002eb8                EmbSysLib::Hw::Port::Pin::Pin(EmbSysLib::Hw::Port&, unsigned char)
                0x08002eb8                EmbSysLib::Hw::Port::Pin::Pin(EmbSysLib::Hw::Port&, unsigned char)
 .text._ZN9EmbSysLib2Hw4Port3Pin7setModeENS1_4ModeE
                0x08002ef8       0x2a ./Src/lib.o
                0x08002ef8                EmbSysLib::Hw::Port::Pin::setMode(EmbSysLib::Hw::Port::Mode)
 .text._ZN9EmbSysLib2Hw4Port3Pin3setEv
                0x08002f22       0x26 ./Src/lib.o
                0x08002f22                EmbSysLib::Hw::Port::Pin::set()
 .text._ZN9EmbSysLib2Hw4Port3Pin3setEb
                0x08002f48       0x48 ./Src/lib.o
                0x08002f48                EmbSysLib::Hw::Port::Pin::set(bool)
 .text._ZN9EmbSysLib2Hw4Port3Pin3clrEv
                0x08002f90       0x26 ./Src/lib.o
                0x08002f90                EmbSysLib::Hw::Port::Pin::clr()
 .text._ZN9EmbSysLib2Hw4Port3Pin3getEv
                0x08002fb6       0x34 ./Src/lib.o
                0x08002fb6                EmbSysLib::Hw::Port::Pin::get()
 *fill*         0x08002fea        0x2 
 .text._ZN9EmbSysLib2Hw5TimerC2Et
                0x08002fec       0x38 ./Src/lib.o
                0x08002fec                EmbSysLib::Hw::Timer::Timer(unsigned short)
                0x08002fec                EmbSysLib::Hw::Timer::Timer(unsigned short)
 .text._ZN9EmbSysLib2Hw5Timer12getCycleTimeEv
                0x08003024       0x18 ./Src/lib.o
                0x08003024                EmbSysLib::Hw::Timer::getCycleTime()
 .text._ZN9EmbSysLib2Hw5Timer3addEPNS1_4TaskE
                0x0800303c       0x1e ./Src/lib.o
                0x0800303c                EmbSysLib::Hw::Timer::add(EmbSysLib::Hw::Timer::Task*)
 .text._ZN9EmbSysLib2Hw5Timer10isrHandlerEv
                0x0800305a       0x3c ./Src/lib.o
                0x0800305a                EmbSysLib::Hw::Timer::isrHandler()
 *fill*         0x08003096        0x2 
 .text._ZN9EmbSysLib2Hw4UartC2Ettt
                0x08003098       0x9c ./Src/lib.o
                0x08003098                EmbSysLib::Hw::Uart::Uart(unsigned short, unsigned short, unsigned short)
                0x08003098                EmbSysLib::Hw::Uart::Uart(unsigned short, unsigned short, unsigned short)
 .text._ZN9EmbSysLib2Hw4Uart5isrRxEv
                0x08003134       0x30 ./Src/lib.o
                0x08003134                EmbSysLib::Hw::Uart::isrRx()
 .text._ZN9EmbSysLib2Hw4Uart5isrTxEv
                0x08003164       0x58 ./Src/lib.o
                0x08003164                EmbSysLib::Hw::Uart::isrTx()
 .text._ZN9EmbSysLib2Hw4Uart12transmitByteEh
                0x080031bc       0x60 ./Src/lib.o
                0x080031bc                EmbSysLib::Hw::Uart::transmitByte(unsigned char)
 .text._ZN9EmbSysLib2Hw4Uart3setEh
                0x0800321c       0x24 ./Src/lib.o
                0x0800321c                EmbSysLib::Hw::Uart::set(unsigned char)
 .text._ZN9EmbSysLib2Hw4Uart3setEPKht
                0x08003240       0x44 ./Src/lib.o
                0x08003240                EmbSysLib::Hw::Uart::set(unsigned char const*, unsigned short)
 .text._ZN9EmbSysLib2Hw4Uart3setEPKc
                0x08003284       0x34 ./Src/lib.o
                0x08003284                EmbSysLib::Hw::Uart::set(char const*)
 .text._ZN9EmbSysLib2Hw4Uart14isTxBufferFullEv
                0x080032b8       0x1c ./Src/lib.o
                0x080032b8                EmbSysLib::Hw::Uart::isTxBufferFull()
 .text._ZN9EmbSysLib2Hw4Uart20getFifoRemainingSizeEv
                0x080032d4       0x1c ./Src/lib.o
                0x080032d4                EmbSysLib::Hw::Uart::getFifoRemainingSize()
 .text._ZN9EmbSysLib2Hw4Uart3getERh
                0x080032f0       0x38 ./Src/lib.o
                0x080032f0                EmbSysLib::Hw::Uart::get(unsigned char&)
 .text._ZN9EmbSysLib2Hw4Uart3getEv
                0x08003328       0x32 ./Src/lib.o
                0x08003328                EmbSysLib::Hw::Uart::get()
 .text._ZN9EmbSysLib3Dev6AnalogC2Ehff
                0x0800335a       0x34 ./Src/lib.o
                0x0800335a                EmbSysLib::Dev::Analog::Analog(unsigned char, float, float)
                0x0800335a                EmbSysLib::Dev::Analog::Analog(unsigned char, float, float)
 *fill*         0x0800338e        0x2 
 .text._ZN9EmbSysLib3Dev9AnalogOutC2Ehff
                0x08003390       0x78 ./Src/lib.o
                0x08003390                EmbSysLib::Dev::AnalogOut::AnalogOut(unsigned char, float, float)
                0x08003390                EmbSysLib::Dev::AnalogOut::AnalogOut(unsigned char, float, float)
 .text._ZN9EmbSysLib3Dev9AnalogOut3setEf
                0x08003408       0x60 ./Src/lib.o
                0x08003408                EmbSysLib::Dev::AnalogOut::set(float)
 .text._ZN9EmbSysLib3Dev9AnalogOutaSEf
                0x08003468       0x2a ./Src/lib.o
                0x08003468                EmbSysLib::Dev::AnalogOut::operator=(float)
 *fill*         0x08003492        0x2 
 .text._ZN9EmbSysLib3Dev12AnalogOutPWMC2ERNS_2Hw5TimerENS3_4ModeEhff
                0x08003494       0x5c ./Src/lib.o
                0x08003494                EmbSysLib::Dev::AnalogOutPWM::AnalogOutPWM(EmbSysLib::Hw::Timer&, EmbSysLib::Hw::Timer::Mode, unsigned char, float, float)
                0x08003494                EmbSysLib::Dev::AnalogOutPWM::AnalogOutPWM(EmbSysLib::Hw::Timer&, EmbSysLib::Hw::Timer::Mode, unsigned char, float, float)
 .text._ZN9EmbSysLib3Dev12AnalogOutPWM6setRawEt
                0x080034f0       0x2a ./Src/lib.o
                0x080034f0                EmbSysLib::Dev::AnalogOutPWM::setRaw(unsigned short)
 *fill*         0x0800351a        0x2 
 .text._ZN9EmbSysLib3Dev7DigitalC2ERNS_2Hw4PortEhNS1_4ModeEb
                0x0800351c       0x68 ./Src/lib.o
                0x0800351c                EmbSysLib::Dev::Digital::Digital(EmbSysLib::Hw::Port&, unsigned char, EmbSysLib::Dev::Digital::Mode, bool)
                0x0800351c                EmbSysLib::Dev::Digital::Digital(EmbSysLib::Hw::Port&, unsigned char, EmbSysLib::Dev::Digital::Mode, bool)
 .text._ZN9EmbSysLib3Dev7Digital7setModeENS1_4ModeE
                0x08003584       0x22 ./Src/lib.o
                0x08003584                EmbSysLib::Dev::Digital::setMode(EmbSysLib::Dev::Digital::Mode)
 .text._ZN9EmbSysLib3Dev7Digital3setEb
                0x080035a6       0x36 ./Src/lib.o
                0x080035a6                EmbSysLib::Dev::Digital::set(bool)
 .text._ZN9EmbSysLib3Dev7Digital3getEv
                0x080035dc       0x2c ./Src/lib.o
                0x080035dc                EmbSysLib::Dev::Digital::get()
 .text._ZN9EmbSysLib3Dev8TerminalC2ERNS_2Hw4UartEttPKcS6_
                0x08003608       0x94 ./Src/lib.o
                0x08003608                EmbSysLib::Dev::Terminal::Terminal(EmbSysLib::Hw::Uart&, unsigned short, unsigned short, char const*, char const*)
                0x08003608                EmbSysLib::Dev::Terminal::Terminal(EmbSysLib::Hw::Uart&, unsigned short, unsigned short, char const*, char const*)
 .text._ZN9EmbSysLib3Dev8Terminal3getEv
                0x0800369c      0x188 ./Src/lib.o
                0x0800369c                EmbSysLib::Dev::Terminal::get()
 .text._ZN9EmbSysLib3Dev8Terminal6printfEPKcz
                0x08003824       0x58 ./Src/lib.o
                0x08003824                EmbSysLib::Dev::Terminal::printf(char const*, ...)
 .text._ZN9EmbSysLib3Std8SequenceINS_2Hw5Timer4TaskEEC2Ev
                0x0800387c       0x1c ./Src/lib.o
                0x0800387c                EmbSysLib::Std::Sequence<EmbSysLib::Hw::Timer::Task>::Sequence()
                0x0800387c                EmbSysLib::Std::Sequence<EmbSysLib::Hw::Timer::Task>::Sequence()
 .text._ZN9EmbSysLib3Std8SequenceINS_2Hw5Timer4TaskEE3addEPS4_
                0x08003898       0x58 ./Src/lib.o
                0x08003898                EmbSysLib::Std::Sequence<EmbSysLib::Hw::Timer::Task>::add(EmbSysLib::Hw::Timer::Task*)
 .text._ZN9EmbSysLib3Std8SequenceINS_2Hw5Timer4TaskEE8getFirstEv
                0x080038f0       0x18 ./Src/lib.o
                0x080038f0                EmbSysLib::Std::Sequence<EmbSysLib::Hw::Timer::Task>::getFirst()
 .text._ZN9EmbSysLib3Std8SequenceINS_2Hw5Timer4TaskEE4Item7getNextEv
                0x08003908       0x18 ./Src/lib.o
                0x08003908                EmbSysLib::Std::Sequence<EmbSysLib::Hw::Timer::Task>::Item::getNext()
 .text._ZN9EmbSysLib3Std4FifoIhEC2Et
                0x08003920       0x56 ./Src/lib.o
                0x08003920                EmbSysLib::Std::Fifo<unsigned char>::Fifo(unsigned short)
                0x08003920                EmbSysLib::Std::Fifo<unsigned char>::Fifo(unsigned short)
 .text._ZN9EmbSysLib3Std4FifoIhE7getSizeEv
                0x08003976       0x18 ./Src/lib.o
                0x08003976                EmbSysLib::Std::Fifo<unsigned char>::getSize()
 .text._ZN9EmbSysLib3Std4FifoIhElsERKh
                0x0800398e       0x6c ./Src/lib.o
                0x0800398e                EmbSysLib::Std::Fifo<unsigned char>::operator<<(unsigned char const&)
 .text._ZN9EmbSysLib3Std4FifoIhE7isEmptyEv
                0x080039fa       0x28 ./Src/lib.o
                0x080039fa                EmbSysLib::Std::Fifo<unsigned char>::isEmpty()
 .text._ZN9EmbSysLib3Std4FifoIhErsERh
                0x08003a22       0x68 ./Src/lib.o
                0x08003a22                EmbSysLib::Std::Fifo<unsigned char>::operator>>(unsigned char&)
 .text._ZN9EmbSysLib3Std4FifoIhE6isFullEv
                0x08003a8a       0x2c ./Src/lib.o
                0x08003a8a                EmbSysLib::Std::Fifo<unsigned char>::isFull()
 .text._ZN9EmbSysLib3Std4FifoIhE7getFreeEv
                0x08003ab6       0x38 ./Src/lib.o
                0x08003ab6                EmbSysLib::Std::Fifo<unsigned char>::getFree()
 .text._ZN9EmbSysLib3Std5RANGEIfEET_S2_S2_S2_
                0x08003aee       0x52 ./Src/lib.o
                0x08003aee                float EmbSysLib::Std::RANGE<float>(float, float, float)
 .text._Z41__static_initialization_and_destruction_0v
                0x08003b40       0x18 ./Src/lib.o
 .text._GLOBAL__sub_I__ZN9EmbSysLib2Hw6System12cntInterruptE
                0x08003b58        0xa ./Src/lib.o
 .text._ZN15myReportHandler8onReportEttb
                0x08003b62       0x30 ./Src/main.o
                0x08003b62                myReportHandler::onReport(unsigned short, unsigned short, bool)
 *fill*         0x08003b92        0x2 
 .text._ZN15myReportHandlerC2Ev
                0x08003b94       0x24 ./Src/main.o
                0x08003b94                myReportHandler::myReportHandler()
                0x08003b94                myReportHandler::myReportHandler()
 .text.main     0x08003bb8      0x178 ./Src/main.o
                0x08003bb8                main
 .text._Z41__static_initialization_and_destruction_0v
                0x08003d30       0xec ./Src/main.o
 .text._ZN15myReportHandlerD2Ev
                0x08003e1c       0x24 ./Src/main.o
                0x08003e1c                myReportHandler::~myReportHandler()
                0x08003e1c                myReportHandler::~myReportHandler()
 .text._Z41__static_initialization_and_destruction_1v
                0x08003e40       0x14 ./Src/main.o
 .text._GLOBAL__sub_I_report
                0x08003e54        0xa ./Src/main.o
 .text._GLOBAL__sub_D_report
                0x08003e5e        0xa ./Src/main.o
 .text.Reset_Handler
                0x08003e68       0x50 ./Src/startup.o
                0x08003e68                Reset_Handler
 .text.Default_Handler
                0x08003eb8        0x2 ./Src/startup.o
                0x08003eb8                DebugMon_Handler
                0x08003eb8                DMA1_CH4_IRQHandler
                0x08003eb8                TIM1_CC_IRQHandler
                0x08003eb8                TSC_IRQHandler
                0x08003eb8                HardFault_Handler
                0x08003eb8                NMI_Handler
                0x08003eb8                LPTIM2_IRQHandler
                0x08003eb8                I2C3_ER_IRQHandler
                0x08003eb8                DFSDM1_FLT2_IRQHandler
                0x08003eb8                I2C2_EV_IRQHandler
                0x08003eb8                DMA2_CH1_IRQHandler
                0x08003eb8                CAN1_RX0_IRQHandler
                0x08003eb8                FPU_IRQHandler
                0x08003eb8                TIM1_UP_TIM16_IRQHandler
                0x08003eb8                DMA2_CH7_IRQHandler
                0x08003eb8                UsageFault_Handler
                0x08003eb8                SPI1_IRQHandler
                0x08003eb8                DMA1_CH7_IRQHandler
                0x08003eb8                RTC_ALARM_IRQHandler
                0x08003eb8                DFSDM1_FLT3_IRQHandler
                0x08003eb8                DMA1_CH6_IRQHandler
                0x08003eb8                USART3_IRQHandler
                0x08003eb8                CAN1_RX1_IRQHandler
                0x08003eb8                LCD_IRQHandler
                0x08003eb8                ADC3_IRQHandler
                0x08003eb8                QUADSPI_IRQHandler
                0x08003eb8                I2C1_EV_IRQHandler
                0x08003eb8                DMA2_CH5_IRQHandler
                0x08003eb8                UART4_IRQHandler
                0x08003eb8                DMA1_CH3_IRQHandler
                0x08003eb8                TIM3_IRQHandler
                0x08003eb8                RCC_IRQHandler
                0x08003eb8                TIM1_TRG_COM_IRQHandler
                0x08003eb8                Default_Handler
                0x08003eb8                SDMMC1_IRQHandler
                0x08003eb8                I2C3_EV_IRQHandler
                0x08003eb8                DFSDM2_IRQHandler
                0x08003eb8                DMA1_CH2_IRQHandler
                0x08003eb8                RTC_WKUP_IRQHandler
                0x08003eb8                PVD_PVM_IRQHandler
                0x08003eb8                SPI2_IRQHandler
                0x08003eb8                DMA1_CH1_IRQHandler
                0x08003eb8                MemManage_Handler
                0x08003eb8                CAN1_TX_IRQHandler
                0x08003eb8                SVC_Handler
                0x08003eb8                CRS_IRQHandler
                0x08003eb8                RNG_IRQHandler
                0x08003eb8                COMP_IRQHandler
                0x08003eb8                WWDG_IRQHandler
                0x08003eb8                I2C4_EV_IRQHandler
                0x08003eb8                LPUART1_IRQHandler
                0x08003eb8                AES_IRQHandler
                0x08003eb8                I2C2_ER_IRQHandler
                0x08003eb8                CAN1_SCE_IRQHandler
                0x08003eb8                FLASH_IRQHandler
                0x08003eb8                BusFault_Handler
                0x08003eb8                SPI3_IRQHandler
                0x08003eb8                DMA2_CH6_IRQHandler
                0x08003eb8                DMA2_CH3_IRQHandler
                0x08003eb8                DMA2_CH2_IRQHandler
                0x08003eb8                I2C1_ER_IRQHandler
                0x08003eb8                DMA1_CH5_IRQHandler
                0x08003eb8                DMA2_CH4_IRQHandler
                0x08003eb8                SWPMI1_IRQHandler
                0x08003eb8                LPTIM1_IRQHandler
                0x08003eb8                DFSDM1_IRQHandler
                0x08003eb8                I2C4_ER_IRQHandler
                0x08003eb8                RTC_TAMP_STAMP_IRQHandler
                0x08003eb8                SAI1_IRQHandler
                0x08003eb8                TIM1_BRK_TIM15_IRQHandler
 .text._Znwj    0x08003eba       0x22 C:/ST/STM32CubeIDE_2.0.0/STM32CubeIDE/plugins/com.st.stm32cube.ide.mcu.externaltools.gnu-tools-for-stm32.13.3.rel1.win32_1.0.100.202509120712/tools/bin/../lib/gcc/arm-none-eabi/13.3.1/../../../../arm-none-eabi/lib/thumb/v7e-m+fp/hard\libstdc++_nano.a(new_op.o)
                0x08003eba                operator new(unsigned int)
 .text._Znaj    0x08003edc        0x4 C:/ST/STM32CubeIDE_2.0.0/STM32CubeIDE/plugins/com.st.stm32cube.ide.mcu.externaltools.gnu-tools-for-stm32.13.3.rel1.win32_1.0.100.202509120712/tools/bin/../lib/gcc/arm-none-eabi/13.3.1/../../../../arm-none-eabi/lib/thumb/v7e-m+fp/hard\libstdc++_nano.a(new_opv.o)
                0x08003edc                operator new[](unsigned int)
 .text._ZSt15get_new_handlerv
                0x08003ee0       0x10 C:/ST/STM32CubeIDE_2.0.0/STM32CubeIDE/plugins/com.st.stm32cube.ide.mcu.externaltools.gnu-tools-for-stm32.13.3.rel1.win32_1.0.100.202509120712/tools/bin/../lib/gcc/arm-none-eabi/13.3.1/../../../../arm-none-eabi/lib/thumb/v7e-m+fp/hard\libstdc++_nano.a(new_handler.o)
                0x08003ee0                std::get_new_handler()
 .text.abort    0x08003ef0        0xe C:/ST/STM32CubeIDE_2.0.0/STM32CubeIDE/plugins/com.st.stm32cube.ide.mcu.externaltools.gnu-tools-for-stm32.13.3.rel1.win32_1.0.100.202509120712/tools/bin/../lib/gcc/arm-none-eabi/13.3.1/../../../../arm-none-eabi/lib/thumb/v7e-m+fp/hard\libc_nano.a(libc_a-abort.o)
                0x08003ef0                abort
 *fill*         0x08003efe        0x2 
 .text.malloc   0x08003f00       0x10 C:/ST/STM32CubeIDE_2.0.0/STM32CubeIDE/plugins/com.st.stm32cube.ide.mcu.externaltools.gnu-tools-for-stm32.13.3.rel1.win32_1.0.100.202509120712/tools/bin/../lib/gcc/arm-none-eabi/13.3.1/../../../../arm-none-eabi/lib/thumb/v7e-m+fp/hard\libc_nano.a(libc_a-malloc.o)
                0x08003f00                malloc
 .text.sbrk_aligned
                0x08003f10       0x44 C:/ST/STM32CubeIDE_2.0.0/STM32CubeIDE/plugins/com.st.stm32cube.ide.mcu.externaltools.gnu-tools-for-stm32.13.3.rel1.win32_1.0.100.202509120712/tools/bin/../lib/gcc/arm-none-eabi/13.3.1/../../../../arm-none-eabi/lib/thumb/v7e-m+fp/hard\libc_nano.a(libc_a-mallocr.o)
 .text._malloc_r
                0x08003f54      0x100 C:/ST/STM32CubeIDE_2.0.0/STM32CubeIDE/plugins/com.st.stm32cube.ide.mcu.externaltools.gnu-tools-for-stm32.13.3.rel1.win32_1.0.100.202509120712/tools/bin/../lib/gcc/arm-none-eabi/13.3.1/../../../../arm-none-eabi/lib/thumb/v7e-m+fp/hard\libc_nano.a(libc_a-mallocr.o)
                0x08003f54                _malloc_r
 .text.__malloc_lock
                0x08004054        0xc C:/ST/STM32CubeIDE_2.0.0/STM32CubeIDE/plugins/com.st.stm32cube.ide.mcu.externaltools.gnu-tools-for-stm32.13.3.rel1.win32_1.0.100.202509120712/tools/bin/../lib/gcc/arm-none-eabi/13.3.1/../../../../arm-none-eabi/lib/thumb/v7e-m+fp/hard\libc_nano.a(libc_a-mlock.o)
                0x08004054                __malloc_lock
 .text.__malloc_unlock
                0x08004060        0xc C:/ST/STM32CubeIDE_2.0.0/STM32CubeIDE/plugins/com.st.stm32cube.ide.mcu.externaltools.gnu-tools-for-stm32.13.3.rel1.win32_1.0.100.202509120712/tools/bin/../lib/gcc/arm-none-eabi/13.3.1/../../../../arm-none-eabi/lib/thumb/v7e-m+fp/hard\libc_nano.a(libc_a-mlock.o)
                0x08004060                __malloc_unlock
 .text._vsnprintf_r
                0x0800406c       0x5c C:/ST/STM32CubeIDE_2.0.0/STM32CubeIDE/plugins/com.st.stm32cube.ide.mcu.externaltools.gnu-tools-for-stm32.13.3.rel1.win32_1.0.100.202509120712/tools/bin/../lib/gcc/arm-none-eabi/13.3.1/../../../../arm-none-eabi/lib/thumb/v7e-m+fp/hard\libc_nano.a(libc_a-vsnprintf.o)
                0x0800406c                _vsniprintf_r
                0x0800406c                _vsnprintf_r
 .text.vsnprintf
                0x080040c8       0x1c C:/ST/STM32CubeIDE_2.0.0/STM32CubeIDE/plugins/com.st.stm32cube.ide.mcu.externaltools.gnu-tools-for-stm32.13.3.rel1.win32_1.0.100.202509120712/tools/bin/../lib/gcc/arm-none-eabi/13.3.1/../../../../arm-none-eabi/lib/thumb/v7e-m+fp/hard\libc_nano.a(libc_a-vsnprintf.o)
                0x080040c8                vsniprintf
                0x080040c8                vsnprintf
 .text._raise_r
                0x080040e4       0x50 C:/ST/STM32CubeIDE_2.0.0/STM32CubeIDE/plugins/com.st.stm32cube.ide.mcu.externaltools.gnu-tools-for-stm32.13.3.rel1.win32_1.0.100.202509120712/tools/bin/../lib/gcc/arm-none-eabi/13.3.1/../../../../arm-none-eabi/lib/thumb/v7e-m+fp/hard\libc_nano.a(libc_a-signal.o)
                0x080040e4                _raise_r
 .text.raise    0x08004134       0x10 C:/ST/STM32CubeIDE_2.0.0/STM32CubeIDE/plugins/com.st.stm32cube.ide.mcu.externaltools.gnu-tools-for-stm32.13.3.rel1.win32_1.0.100.202509120712/tools/bin/../lib/gcc/arm-none-eabi/13.3.1/../../../../arm-none-eabi/lib/thumb/v7e-m+fp/hard\libc_nano.a(libc_a-signal.o)
                0x08004134                raise
 .text._kill_r  0x08004144       0x24 C:/ST/STM32CubeIDE_2.0.0/STM32CubeIDE/plugins/com.st.stm32cube.ide.mcu.externaltools.gnu-tools-for-stm32.13.3.rel1.win32_1.0.100.202509120712/tools/bin/../lib/gcc/arm-none-eabi/13.3.1/../../../../arm-none-eabi/lib/thumb/v7e-m+fp/hard\libc_nano.a(libc_a-signalr.o)
                0x08004144                _kill_r
 .text._getpid_r
                0x08004168        0x4 C:/ST/STM32CubeIDE_2.0.0/STM32CubeIDE/plugins/com.st.stm32cube.ide.mcu.externaltools.gnu-tools-for-stm32.13.3.rel1.win32_1.0.100.202509120712/tools/bin/../lib/gcc/arm-none-eabi/13.3.1/../../../../arm-none-eabi/lib/thumb/v7e-m+fp/hard\libc_nano.a(libc_a-signalr.o)
                0x08004168                _getpid_r
 .text._sbrk_r  0x0800416c       0x20 C:/ST/STM32CubeIDE_2.0.0/STM32CubeIDE/plugins/com.st.stm32cube.ide.mcu.externaltools.gnu-tools-for-stm32.13.3.rel1.win32_1.0.100.202509120712/tools/bin/../lib/gcc/arm-none-eabi/13.3.1/../../../../arm-none-eabi/lib/thumb/v7e-m+fp/hard\libc_nano.a(libc_a-sbrkr.o)
                0x0800416c                _sbrk_r
 .text.__libc_init_array
                0x0800418c       0x48 C:/ST/STM32CubeIDE_2.0.0/STM32CubeIDE/plugins/com.st.stm32cube.ide.mcu.externaltools.gnu-tools-for-stm32.13.3.rel1.win32_1.0.100.202509120712/tools/bin/../lib/gcc/arm-none-eabi/13.3.1/../../../../arm-none-eabi/lib/thumb/v7e-m+fp/hard\libc_nano.a(libc_a-init.o)
                0x0800418c                __libc_init_array
 .text.__retarget_lock_acquire_recursive
                0x080041d4        0x2 C:/ST/STM32CubeIDE_2.0.0/STM32CubeIDE/plugins/com.st.stm32cube.ide.mcu.externaltools.gnu-tools-for-stm32.13.3.rel1.win32_1.0.100.202509120712/tools/bin/../lib/gcc/arm-none-eabi/13.3.1/../../../../arm-none-eabi/lib/thumb/v7e-m+fp/hard\libc_nano.a(libc_a-lock.o)
                0x080041d4                __retarget_lock_acquire_recursive
 .text.__retarget_lock_release_recursive
                0x080041d6        0x2 C:/ST/STM32CubeIDE_2.0.0/STM32CubeIDE/plugins/com.st.stm32cube.ide.mcu.externaltools.gnu-tools-for-stm32.13.3.rel1.win32_1.0.100.202509120712/tools/bin/../lib/gcc/arm-none-eabi/13.3.1/../../../../arm-none-eabi/lib/thumb/v7e-m+fp/hard\libc_nano.a(libc_a-lock.o)
                0x080041d6                __retarget_lock_release_recursive
 .text.memcpy   0x080041d8       0x1c C:/ST/STM32CubeIDE_2.0.0/STM32CubeIDE/plugins/com.st.stm32cube.ide.mcu.externaltools.gnu-tools-for-stm32.13.3.rel1.win32_1.0.100.202509120712/tools/bin/../lib/gcc/arm-none-eabi/13.3.1/../../../../arm-none-eabi/lib/thumb/v7e-m+fp/hard\libc_nano.a(libc_a-memcpy-stub.o)
                0x080041d8                memcpy
 .text._free_r  0x080041f4       0x94 C:/ST/STM32CubeIDE_2.0.0/STM32CubeIDE/plugins/com.st.stm32cube.ide.mcu.externaltools.gnu-tools-for-stm32.13.3.rel1.win32_1.0.100.202509120712/tools/bin/../lib/gcc/arm-none-eabi/13.3.1/../../../../arm-none-eabi/lib/thumb/v7e-m+fp/hard\libc_nano.a(libc_a-freer.o)
                0x080041f4                _free_r
 .text.__ssputs_r
                0x08004288       0xb6 C:/ST/STM32CubeIDE_2.0.0/STM32CubeIDE/plugins/com.st.stm32cube.ide.mcu.externaltools.gnu-tools-for-stm32.13.3.rel1.win32_1.0.100.202509120712/tools/bin/../lib/gcc/arm-none-eabi/13.3.1/../../../../arm-none-eabi/lib/thumb/v7e-m+fp/hard\libc_nano.a(libc_a-nano-svfprintf.o)
                0x08004288                __ssputs_r
 *fill*         0x0800433e        0x2 
 .text._svfprintf_r
                0x08004340      0x1f8 C:/ST/STM32CubeIDE_2.0.0/STM32CubeIDE/plugins/com.st.stm32cube.ide.mcu.externaltools.gnu-tools-for-stm32.13.3.rel1.win32_1.0.100.202509120712/tools/bin/../lib/gcc/arm-none-eabi/13.3.1/../../../../arm-none-eabi/lib/thumb/v7e-m+fp/hard\libc_nano.a(libc_a-nano-svfprintf.o)
                0x08004340                _svfiprintf_r
                0x08004340                _svfprintf_r
 .text._printf_common
                0x08004538       0xda C:/ST/STM32CubeIDE_2.0.0/STM32CubeIDE/plugins/com.st.stm32cube.ide.mcu.externaltools.gnu-tools-for-stm32.13.3.rel1.win32_1.0.100.202509120712/tools/bin/../lib/gcc/arm-none-eabi/13.3.1/../../../../arm-none-eabi/lib/thumb/v7e-m+fp/hard\libc_nano.a(libc_a-nano-vfprintf_i.o)
                0x08004538                _printf_common
 *fill*         0x08004612        0x2 
 .text._printf_i
                0x08004614      0x23c C:/ST/STM32CubeIDE_2.0.0/STM32CubeIDE/plugins/com.st.stm32cube.ide.mcu.externaltools.gnu-tools-for-stm32.13.3.rel1.win32_1.0.100.202509120712/tools/bin/../lib/gcc/arm-none-eabi/13.3.1/../../../../arm-none-eabi/lib/thumb/v7e-m+fp/hard\libc_nano.a(libc_a-nano-vfprintf_i.o)
                0x08004614                _printf_i
 .text.memmove  0x08004850       0x34 C:/ST/STM32CubeIDE_2.0.0/STM32CubeIDE/plugins/com.st.stm32cube.ide.mcu.externaltools.gnu-tools-for-stm32.13.3.rel1.win32_1.0.100.202509120712/tools/bin/../lib/gcc/arm-none-eabi/13.3.1/../../../../arm-none-eabi/lib/thumb/v7e-m+fp/hard\libc_nano.a(libc_a-memmove.o)
                0x08004850                memmove
 .text._realloc_r
                0x08004884       0x5c C:/ST/STM32CubeIDE_2.0.0/STM32CubeIDE/plugins/com.st.stm32cube.ide.mcu.externaltools.gnu-tools-for-stm32.13.3.rel1.win32_1.0.100.202509120712/tools/bin/../lib/gcc/arm-none-eabi/13.3.1/../../../../arm-none-eabi/lib/thumb/v7e-m+fp/hard\libc_nano.a(libc_a-reallocr.o)
                0x08004884                _realloc_r
 .text._malloc_usable_size_r
                0x080048e0       0x10 C:/ST/STM32CubeIDE_2.0.0/STM32CubeIDE/plugins/com.st.stm32cube.ide.mcu.externaltools.gnu-tools-for-stm32.13.3.rel1.win32_1.0.100.202509120712/tools/bin/../lib/gcc/arm-none-eabi/13.3.1/../../../../arm-none-eabi/lib/thumb/v7e-m+fp/hard\libc_nano.a(libc_a-msizer.o)
                0x080048e0                _malloc_usable_size_r
 .text._getpid  0x080048f0       0x10 C:/ST/STM32CubeIDE_2.0.0/STM32CubeIDE/plugins/com.st.stm32cube.ide.mcu.externaltools.gnu-tools-for-stm32.13.3.rel1.win32_1.0.100.202509120712/tools/bin/../lib/gcc/arm-none-eabi/13.3.1/../../../../arm-none-eabi/lib/thumb/v7e-m+fp/hard\libnosys.a(getpid.o)
                0x080048f0                _getpid
 .text._kill    0x08004900       0x10 C:/ST/STM32CubeIDE_2.0.0/STM32CubeIDE/plugins/com.st.stm32cube.ide.mcu.externaltools.gnu-tools-for-stm32.13.3.rel1.win32_1.0.100.202509120712/tools/bin/../lib/gcc/arm-none-eabi/13.3.1/../../../../arm-none-eabi/lib/thumb/v7e-m+fp/hard\libnosys.a(kill.o)
                0x08004900                _kill
 .text._sbrk    0x08004910       0x1c C:/ST/STM32CubeIDE_2.0.0/STM32CubeIDE/plugins/com.st.stm32cube.ide.mcu.externaltools.gnu-tools-for-stm32.13.3.rel1.win32_1.0.100.202509120712/tools/bin/../lib/gcc/arm-none-eabi/13.3.1/../../../../arm-none-eabi/lib/thumb/v7e-m+fp/hard\libnosys.a(sbrk.o)
                0x08004910                _sbrk
 .text._exit    0x0800492c        0x2 C:/ST/STM32CubeIDE_2.0.0/STM32CubeIDE/plugins/com.st.stm32cube.ide.mcu.externaltools.gnu-tools-for-stm32.13.3.rel1.win32_1.0.100.202509120712/tools/bin/../lib/gcc/arm-none-eabi/13.3.1/../../../../arm-none-eabi/lib/thumb/v7e-m+fp/hard\libnosys.a(_exit.o)
                0x0800492c                _exit
 *(.glue_7)
 .glue_7        0x0800492e        0x0 linker stubs
 *(.glue_7t)
 .glue_7t       0x0800492e        0x0 linker stubs
 *(.eh_frame)
 *fill*         0x0800492e        0x2 
 .eh_frame      0x08004930        0x0 C:/ST/STM32CubeIDE_2.0.0/STM32CubeIDE/plugins/com.st.stm32cube.ide.mcu.externaltools.gnu-tools-for-stm32.13.3.rel1.win32_1.0.100.202509120712/tools/bin/../lib/gcc/arm-none-eabi/13.3.1/thumb/v7e-m+fp/hard/crtbegin.o
 *(.init)
 .init          0x08004930        0x4 C:/ST/STM32CubeIDE_2.0.0/STM32CubeIDE/plugins/com.st.stm32cube.ide.mcu.externaltools.gnu-tools-for-stm32.13.3.rel1.win32_1.0.100.202509120712/tools/bin/../lib/gcc/arm-none-eabi/13.3.1/thumb/v7e-m+fp/hard/crti.o
                0x08004930                _init
 .init          0x08004934        0x8 C:/ST/STM32CubeIDE_2.0.0/STM32CubeIDE/plugins/com.st.stm32cube.ide.mcu.externaltools.gnu-tools-for-stm32.13.3.rel1.win32_1.0.100.202509120712/tools/bin/../lib/gcc/arm-none-eabi/13.3.1/thumb/v7e-m+fp/hard/crtn.o
 *(.fini)
 .fini          0x0800493c        0x4 C:/ST/STM32CubeIDE_2.0.0/STM32CubeIDE/plugins/com.st.stm32cube.ide.mcu.externaltools.gnu-tools-for-stm32.13.3.rel1.win32_1.0.100.202509120712/tools/bin/../lib/gcc/arm-none-eabi/13.3.1/thumb/v7e-m+fp/hard/crti.o
                0x0800493c                _fini
 .fini          0x08004940        0x8 C:/ST/STM32CubeIDE_2.0.0/STM32CubeIDE/plugins/com.st.stm32cube.ide.mcu.externaltools.gnu-tools-for-stm32.13.3.rel1.win32_1.0.100.202509120712/tools/bin/../lib/gcc/arm-none-eabi/13.3.1/thumb/v7e-m+fp/hard/crtn.o
                0x08004948                        . = ALIGN (0x4)
                0x08004948                        _etext = .

.vfp11_veneer   0x08004948        0x0
 .vfp11_veneer  0x08004948        0x0 linker stubs

.v4_bx          0x08004948        0x0
 .v4_bx         0x08004948        0x0 linker stubs

.iplt           0x08004948        0x0
 .iplt          0x08004948        0x0 C:/ST/STM32CubeIDE_2.0.0/STM32CubeIDE/plugins/com.st.stm32cube.ide.mcu.externaltools.gnu-tools-for-stm32.13.3.rel1.win32_1.0.100.202509120712/tools/bin/../lib/gcc/arm-none-eabi/13.3.1/thumb/v7e-m+fp/hard/crtbegin.o

.rodata         0x08004948      0x1e4
                0x08004948                        . = ALIGN (0x4)
 *(.rodata)
 .rodata        0x08004948       0x2c ./Src/main.o
 *(.rodata*)
 .rodata._ZTVN9EmbSysLib3Dev8TerminalE
                0x08004974        0xc ./Src/lib.o
                0x08004974                vtable for EmbSysLib::Dev::Terminal
 .rodata._ZTVN9EmbSysLib3Dev7DigitalE
                0x08004980       0x30 ./Src/lib.o
                0x08004980                vtable for EmbSysLib::Dev::Digital
 .rodata._ZTVN9EmbSysLib3Dev12AnalogOutPWME
                0x080049b0       0x14 ./Src/lib.o
                0x080049b0                vtable for EmbSysLib::Dev::AnalogOutPWM
 .rodata._ZTVN9EmbSysLib3Dev9AnalogOutE
                0x080049c4       0x14 ./Src/lib.o
                0x080049c4                vtable for EmbSysLib::Dev::AnalogOut
 .rodata._ZTVN9EmbSysLib2Hw8Uart_McuE
                0x080049d8       0x3c ./Src/lib.o
                0x080049d8                vtable for EmbSysLib::Hw::Uart_Mcu
 .rodata._ZTVN9EmbSysLib2Hw4UartE
                0x08004a14       0x38 ./Src/lib.o
                0x08004a14                vtable for EmbSysLib::Hw::Uart
 .rodata._ZTVN9EmbSysLib2Hw9Timer_McuE
                0x08004a4c       0x1c ./Src/lib.o
                0x08004a4c                vtable for EmbSysLib::Hw::Timer_Mcu
 .rodata._ZTVN9EmbSysLib2Hw8Port_McuE
                0x08004a68       0x20 ./Src/lib.o
                0x08004a68                vtable for EmbSysLib::Hw::Port_Mcu
 .rodata._ZTVN9EmbSysLib2Hw4PortE
                0x08004a88       0x20 ./Src/lib.o
                0x08004a88                vtable for EmbSysLib::Hw::Port
 .rodata._ZTVN9EmbSysLib2Hw4Port3PinE
                0x08004aa8       0x1c ./Src/lib.o
                0x08004aa8                vtable for EmbSysLib::Hw::Port::Pin
 .rodata._ZTVN9EmbSysLib2Hw5TimerE
                0x08004ac4       0x1c ./Src/lib.o
                0x08004ac4                vtable for EmbSysLib::Hw::Timer
 .rodata._ZTVN9EmbSysLib3Std6Report7HandlerE
                0x08004ae0        0xc ./Src/lib.o
                0x08004ae0                vtable for EmbSysLib::Std::Report::Handler
 .rodata._ZTV15myReportHandler
                0x08004aec        0xc ./Src/main.o
                0x08004aec                vtable for myReportHandler
 .rodata._svfprintf_r.str1.1
                0x08004af8       0x33 C:/ST/STM32CubeIDE_2.0.0/STM32CubeIDE/plugins/com.st.stm32cube.ide.mcu.externaltools.gnu-tools-for-stm32.13.3.rel1.win32_1.0.100.202509120712/tools/bin/../lib/gcc/arm-none-eabi/13.3.1/../../../../arm-none-eabi/lib/thumb/v7e-m+fp/hard\libc_nano.a(libc_a-nano-svfprintf.o)
                                 0x11 (size before relaxing)
 .rodata._printf_i.str1.1
                0x08004b2b        0x0 C:/ST/STM32CubeIDE_2.0.0/STM32CubeIDE/plugins/com.st.stm32cube.ide.mcu.externaltools.gnu-tools-for-stm32.13.3.rel1.win32_1.0.100.202509120712/tools/bin/../lib/gcc/arm-none-eabi/13.3.1/../../../../arm-none-eabi/lib/thumb/v7e-m+fp/hard\libc_nano.a(libc_a-nano-vfprintf_i.o)
                                 0x22 (size before relaxing)
                0x08004b2c                        . = ALIGN (0x4)
 *fill*         0x08004b2b        0x1 

.ARM.extab      0x08004b2c       0x30
                0x08004b2c                        . = ALIGN (0x4)
 *(.ARM.extab* .gnu.linkonce.armextab.*)
 .ARM.extab.text._ZN15myReportHandler8onReportEttb
                0x08004b2c        0x0 ./Src/main.o
 .ARM.extab.text._ZN15myReportHandlerC2Ev
                0x08004b2c        0xc ./Src/main.o
 .ARM.extab.text.main
                0x08004b38        0xc ./Src/main.o
 .ARM.extab.text._ZN15myReportHandlerD2Ev
                0x08004b44        0x0 ./Src/main.o
 .ARM.extab     0x08004b44       0x18 C:/ST/STM32CubeIDE_2.0.0/STM32CubeIDE/plugins/com.st.stm32cube.ide.mcu.externaltools.gnu-tools-for-stm32.13.3.rel1.win32_1.0.100.202509120712/tools/bin/../lib/gcc/arm-none-eabi/13.3.1/thumb/v7e-m+fp/hard\libgcc.a(pr-support.o)
                0x08004b5c                        . = ALIGN (0x4)

.ARM            0x08004b5c       0xd0
                0x08004b5c                        . = ALIGN (0x4)
                0x08004b5c                        __exidx_start = .
 *(.ARM.exidx*)
 .ARM.exidx     0x08004b5c        0x8 C:/ST/STM32CubeIDE_2.0.0/STM32CubeIDE/plugins/com.st.stm32cube.ide.mcu.externaltools.gnu-tools-for-stm32.13.3.rel1.win32_1.0.100.202509120712/tools/bin/../lib/gcc/arm-none-eabi/13.3.1/../../../../arm-none-eabi/lib/thumb/v7e-m+fp/hard\libc_nano.a(libc_a-strlen.o)
 .ARM.exidx     0x08004b64        0x0 C:/ST/STM32CubeIDE_2.0.0/STM32CubeIDE/plugins/com.st.stm32cube.ide.mcu.externaltools.gnu-tools-for-stm32.13.3.rel1.win32_1.0.100.202509120712/tools/bin/../lib/gcc/arm-none-eabi/13.3.1/../../../../arm-none-eabi/lib/thumb/v7e-m+fp/hard\libc_nano.a(libc_a-memchr.o)
                                  0x8 (size before relaxing)
 .ARM.exidx     0x08004b64       0x78 C:/ST/STM32CubeIDE_2.0.0/STM32CubeIDE/plugins/com.st.stm32cube.ide.mcu.externaltools.gnu-tools-for-stm32.13.3.rel1.win32_1.0.100.202509120712/tools/bin/../lib/gcc/arm-none-eabi/13.3.1/thumb/v7e-m+fp/hard\libgcc.a(unwind-arm.o)
                                 0xd8 (size before relaxing)
 .ARM.exidx     0x08004bdc       0x38 C:/ST/STM32CubeIDE_2.0.0/STM32CubeIDE/plugins/com.st.stm32cube.ide.mcu.externaltools.gnu-tools-for-stm32.13.3.rel1.win32_1.0.100.202509120712/tools/bin/../lib/gcc/arm-none-eabi/13.3.1/thumb/v7e-m+fp/hard\libgcc.a(pr-support.o)
 .ARM.exidx.text._ZN15myReportHandler8onReportEttb
                0x08004c14        0x0 ./Src/main.o
                                  0x8 (size before relaxing)
 .ARM.exidx.text._ZN15myReportHandlerC2Ev
                0x08004c14        0x8 ./Src/main.o
 .ARM.exidx.text.main
                0x08004c1c        0x8 ./Src/main.o
 .ARM.exidx.text._Z41__static_initialization_and_destruction_0v
                0x08004c24        0x8 ./Src/main.o
 .ARM.exidx.text._ZN15myReportHandlerD2Ev
                0x08004c2c        0x0 ./Src/main.o
                                  0x8 (size before relaxing)
 .ARM.exidx.text._Z41__static_initialization_and_destruction_1v
                0x08004c2c        0x0 ./Src/main.o
                                  0x8 (size before relaxing)
 .ARM.exidx.text._GLOBAL__sub_I_report
                0x08004c2c        0x0 ./Src/main.o
                                  0x8 (size before relaxing)
 .ARM.exidx.text._GLOBAL__sub_D_report
                0x08004c2c        0x0 ./Src/main.o
                                  0x8 (size before relaxing)
                0x08004c2c                        __exidx_end = .
                0x08004c2c                        . = ALIGN (0x4)

.rel.dyn        0x08004c2c        0x0
 .rel.iplt      0x08004c2c        0x0 C:/ST/STM32CubeIDE_2.0.0/STM32CubeIDE/plugins/com.st.stm32cube.ide.mcu.externaltools.gnu-tools-for-stm32.13.3.rel1.win32_1.0.100.202509120712/tools/bin/../lib/gcc/arm-none-eabi/13.3.1/thumb/v7e-m+fp/hard/crtbegin.o

.preinit_array  0x08004c2c        0x0
                0x08004c2c                        . = ALIGN (0x4)
                0x08004c2c                        PROVIDE (__preinit_array_start = .)
 *(.preinit_array*)
                0x08004c2c                        PROVIDE (__preinit_array_end = .)
                0x08004c2c                        . = ALIGN (0x4)

.init_array     0x08004c2c        0xc
                0x08004c2c                        . = ALIGN (0x4)
                0x08004c2c                        PROVIDE (__init_array_start = .)
 *(SORT_BY_NAME(.init_array.*))
 *(.init_array*)
 .init_array    0x08004c2c        0x4 C:/ST/STM32CubeIDE_2.0.0/STM32CubeIDE/plugins/com.st.stm32cube.ide.mcu.externaltools.gnu-tools-for-stm32.13.3.rel1.win32_1.0.100.202509120712/tools/bin/../lib/gcc/arm-none-eabi/13.3.1/thumb/v7e-m+fp/hard/crtbegin.o
 .init_array    0x08004c30        0x4 ./Src/lib.o
 .init_array    0x08004c34        0x4 ./Src/main.o
                0x08004c38                        PROVIDE (__init_array_end = .)
                0x08004c38                        . = ALIGN (0x4)

.fini_array     0x08004c38        0x8
                0x08004c38                        . = ALIGN (0x4)
                [!provide]                        PROVIDE (__fini_array_start = .)
 *(SORT_BY_NAME(.fini_array.*))
 *(.fini_array*)
 .fini_array    0x08004c38        0x4 C:/ST/STM32CubeIDE_2.0.0/STM32CubeIDE/plugins/com.st.stm32cube.ide.mcu.externaltools.gnu-tools-for-stm32.13.3.rel1.win32_1.0.100.202509120712/tools/bin/../lib/gcc/arm-none-eabi/13.3.1/thumb/v7e-m+fp/hard/crtbegin.o
 .fini_array    0x08004c3c        0x4 ./Src/main.o
                [!provide]                        PROVIDE (__fini_array_end = .)
                0x08004c40                        . = ALIGN (0x4)
                0x08004c40                        _sidata = LOADADDR (.data)

.data           0x20000000       0x68 load address 0x08004c40
                0x20000000                        . = ALIGN (0x4)
                0x20000000                        _sdata = .
 *(.data)
 *(.data*)
 .data._ZN9EmbSysLib2Hw9PinConfig5tableE
                0x20000000       0x18 ./Src/main.o
                0x20000000                EmbSysLib::Hw::PinConfig::table
 .data._impure_ptr
                0x20000018        0x4 C:/ST/STM32CubeIDE_2.0.0/STM32CubeIDE/plugins/com.st.stm32cube.ide.mcu.externaltools.gnu-tools-for-stm32.13.3.rel1.win32_1.0.100.202509120712/tools/bin/../lib/gcc/arm-none-eabi/13.3.1/../../../../arm-none-eabi/lib/thumb/v7e-m+fp/hard\libc_nano.a(libc_a-impure.o)
                0x20000018                _impure_ptr
 .data._impure_data
                0x2000001c       0x4c C:/ST/STM32CubeIDE_2.0.0/STM32CubeIDE/plugins/com.st.stm32cube.ide.mcu.externaltools.gnu-tools-for-stm32.13.3.rel1.win32_1.0.100.202509120712/tools/bin/../lib/gcc/arm-none-eabi/13.3.1/../../../../arm-none-eabi/lib/thumb/v7e-m+fp/hard\libc_nano.a(libc_a-impure.o)
                0x2000001c                _impure_data
 *(.RamFunc)
 *(.RamFunc*)
                0x20000068                        . = ALIGN (0x4)
                0x20000068                        _edata = .
                0x08004ca8                        _sisram2 = LOADADDR (.sram2)

.igot.plt       0x20000068        0x0 load address 0x08004ca8
 .igot.plt      0x20000068        0x0 C:/ST/STM32CubeIDE_2.0.0/STM32CubeIDE/plugins/com.st.stm32cube.ide.mcu.externaltools.gnu-tools-for-stm32.13.3.rel1.win32_1.0.100.202509120712/tools/bin/../lib/gcc/arm-none-eabi/13.3.1/thumb/v7e-m+fp/hard/crtbegin.o

.sram2          0x10000000        0x0 load address 0x08004ca8
                0x10000000                        . = ALIGN (0x4)
                0x10000000                        _ssram2 = .
 *(.sram2)
 *(.sram2*)
                0x10000000                        . = ALIGN (0x4)
                0x10000000                        _esram2 = .
                0x10000000                        . = ALIGN (0x4)

.bss            0x20000068      0x2f0
                0x20000068                        _sbss = .
                0x20000068                        __bss_start__ = _sbss
 *(.bss)
 .bss           0x20000068       0x1c C:/ST/STM32CubeIDE_2.0.0/STM32CubeIDE/plugins/com.st.stm32cube.ide.mcu.externaltools.gnu-tools-for-stm32.13.3.rel1.win32_1.0.100.202509120712/tools/bin/../lib/gcc/arm-none-eabi/13.3.1/thumb/v7e-m+fp/hard/crtbegin.o
 *(.bss*)
 .bss._ZN9EmbSysLib2Hw6System12cntInterruptE
                0x20000084        0x1 ./Src/lib.o
                0x20000084                EmbSysLib::Hw::System::cntInterrupt
 *fill*         0x20000085        0x3 
 .bss._ZN9EmbSysLib2Hw9PinConfig6reportE
                0x20000088        0x4 ./Src/lib.o
                0x20000088                EmbSysLib::Hw::PinConfig::report
 .bss._ZN9EmbSysLib2Hw7Adc_Mcu6adcPtrE
                0x2000008c        0x4 ./Src/lib.o
                0x2000008c                EmbSysLib::Hw::Adc_Mcu::adcPtr
 .bss._ZN9EmbSysLib2Hw10ExtInt_Mcu9extIntPtrE
                0x20000090       0x40 ./Src/lib.o
                0x20000090                EmbSysLib::Hw::ExtInt_Mcu::extIntPtr
 .bss._ZN9EmbSysLib2Hw8Rtos_Mcu8scheduleE
                0x200000d0        0x4 ./Src/lib.o
                0x200000d0                EmbSysLib::Hw::Rtos_Mcu::schedule
 .bss._ZN9EmbSysLib2Hw8Rtos_Mcu6sysTicE
                0x200000d4        0x4 ./Src/lib.o
                0x200000d4                EmbSysLib::Hw::Rtos_Mcu::sysTic
 .bss._ZZ15SysTick_HandlerE12stackPointer
                0x200000d8        0x4 ./Src/lib.o
 .bss._ZZ14PendSV_HandlerE12stackPointer
                0x200000dc        0x4 ./Src/lib.o
 .bss._ZN9EmbSysLib2Hw9Timer_Mcu10timerPtr_1E
                0x200000e0        0x4 ./Src/lib.o
                0x200000e0                EmbSysLib::Hw::Timer_Mcu::timerPtr_1
 .bss._ZN9EmbSysLib2Hw9Timer_Mcu10timerPtr_2E
                0x200000e4        0x4 ./Src/lib.o
                0x200000e4                EmbSysLib::Hw::Timer_Mcu::timerPtr_2
 .bss._ZN9EmbSysLib2Hw9Timer_Mcu10timerPtr_6E
                0x200000e8        0x4 ./Src/lib.o
                0x200000e8                EmbSysLib::Hw::Timer_Mcu::timerPtr_6
 .bss._ZN9EmbSysLib2Hw9Timer_Mcu10timerPtr_7E
                0x200000ec        0x4 ./Src/lib.o
                0x200000ec                EmbSysLib::Hw::Timer_Mcu::timerPtr_7
 .bss._ZN9EmbSysLib2Hw8Uart_Mcu9uartPtr_1E
                0x200000f0        0x4 ./Src/lib.o
                0x200000f0                EmbSysLib::Hw::Uart_Mcu::uartPtr_1
 .bss._ZN9EmbSysLib2Hw8Uart_Mcu9uartPtr_2E
                0x200000f4        0x4 ./Src/lib.o
                0x200000f4                EmbSysLib::Hw::Uart_Mcu::uartPtr_2
 .bss._ZN9EmbSysLib2Hw13USBdevice_Mcu6usbPtrE
                0x200000f8        0x4 ./Src/lib.o
                0x200000f8                EmbSysLib::Hw::USBdevice_Mcu::usbPtr
 .bss._ZN9EmbSysLib3Std6Report10msgHandlerE
                0x200000fc        0x4 ./Src/lib.o
                0x200000fc                EmbSysLib::Std::Report::msgHandler
 .bss._ZN9EmbSysLib3Std6Report10globalCodeE
                0x20000100        0x2 ./Src/lib.o
                0x20000100                EmbSysLib::Std::Report::globalCode
 .bss._ZN9EmbSysLib3Std6Report12globalModuleE
                0x20000102        0x2 ./Src/lib.o
                0x20000102                EmbSysLib::Std::Report::globalModule
 .bss.report    0x20000104        0x4 ./Src/main.o
                0x20000104                report
 .bss.portB     0x20000108        0xc ./Src/main.o
                0x20000108                portB
 .bss.uart      0x20000114       0x28 ./Src/main.o
                0x20000114                uart
 .bss.terminal  0x2000013c       0x28 ./Src/main.o
                0x2000013c                terminal
 .bss.timerServo
                0x20000164       0x1c ./Src/main.o
                0x20000164                timerServo
 .bss.timerPwm  0x20000180       0x1c ./Src/main.o
                0x20000180                timerPwm
 .bss.motor     0x2000019c       0x14 ./Src/main.o
                0x2000019c                motor
 .bss.rmotor    0x200001b0       0x14 ./Src/main.o
                0x200001b0                rmotor
 .bss.servo     0x200001c4       0x14 ./Src/main.o
                0x200001c4                servo
 .bss.led_A     0x200001d8       0x18 ./Src/main.o
                0x200001d8                led_A
 .bss.btn_A     0x200001f0       0x18 ./Src/main.o
                0x200001f0                btn_A
 .bss._ZN12_GLOBAL__N_113__new_handlerE
                0x20000208        0x4 C:/ST/STM32CubeIDE_2.0.0/STM32CubeIDE/plugins/com.st.stm32cube.ide.mcu.externaltools.gnu-tools-for-stm32.13.3.rel1.win32_1.0.100.202509120712/tools/bin/../lib/gcc/arm-none-eabi/13.3.1/../../../../arm-none-eabi/lib/thumb/v7e-m+fp/hard\libstdc++_nano.a(new_handler.o)
 .bss.__malloc_sbrk_start
                0x2000020c        0x4 C:/ST/STM32CubeIDE_2.0.0/STM32CubeIDE/plugins/com.st.stm32cube.ide.mcu.externaltools.gnu-tools-for-stm32.13.3.rel1.win32_1.0.100.202509120712/tools/bin/../lib/gcc/arm-none-eabi/13.3.1/../../../../arm-none-eabi/lib/thumb/v7e-m+fp/hard\libc_nano.a(libc_a-mallocr.o)
                0x2000020c                __malloc_sbrk_start
 .bss.__malloc_free_list
                0x20000210        0x4 C:/ST/STM32CubeIDE_2.0.0/STM32CubeIDE/plugins/com.st.stm32cube.ide.mcu.externaltools.gnu-tools-for-stm32.13.3.rel1.win32_1.0.100.202509120712/tools/bin/../lib/gcc/arm-none-eabi/13.3.1/../../../../arm-none-eabi/lib/thumb/v7e-m+fp/hard\libc_nano.a(libc_a-mallocr.o)
                0x20000210                __malloc_free_list
 .bss.__sf      0x20000214      0x138 C:/ST/STM32CubeIDE_2.0.0/STM32CubeIDE/plugins/com.st.stm32cube.ide.mcu.externaltools.gnu-tools-for-stm32.13.3.rel1.win32_1.0.100.202509120712/tools/bin/../lib/gcc/arm-none-eabi/13.3.1/../../../../arm-none-eabi/lib/thumb/v7e-m+fp/hard\libc_nano.a(libc_a-findfp.o)
                0x20000214                __sf
 .bss.errno     0x2000034c        0x4 C:/ST/STM32CubeIDE_2.0.0/STM32CubeIDE/plugins/com.st.stm32cube.ide.mcu.externaltools.gnu-tools-for-stm32.13.3.rel1.win32_1.0.100.202509120712/tools/bin/../lib/gcc/arm-none-eabi/13.3.1/../../../../arm-none-eabi/lib/thumb/v7e-m+fp/hard\libc_nano.a(libc_a-reent.o)
                0x2000034c                errno
 .bss.__lock___malloc_recursive_mutex
                0x20000350        0x1 C:/ST/STM32CubeIDE_2.0.0/STM32CubeIDE/plugins/com.st.stm32cube.ide.mcu.externaltools.gnu-tools-for-stm32.13.3.rel1.win32_1.0.100.202509120712/tools/bin/../lib/gcc/arm-none-eabi/13.3.1/../../../../arm-none-eabi/lib/thumb/v7e-m+fp/hard\libc_nano.a(libc_a-lock.o)
                0x20000350                __lock___malloc_recursive_mutex
 *fill*         0x20000351        0x3 
 .bss.heap_end.0
                0x20000354        0x4 C:/ST/STM32CubeIDE_2.0.0/STM32CubeIDE/plugins/com.st.stm32cube.ide.mcu.externaltools.gnu-tools-for-stm32.13.3.rel1.win32_1.0.100.202509120712/tools/bin/../lib/gcc/arm-none-eabi/13.3.1/../../../../arm-none-eabi/lib/thumb/v7e-m+fp/hard\libnosys.a(sbrk.o)
 *(COMMON)
                0x20000358                        . = ALIGN (0x4)
                0x20000358                        _ebss = .
                0x20000358                        __bss_end__ = _ebss

._user_heap_stack
                0x20000358     0x1800
                0x20000358                        . = ALIGN (0x8)
                0x20000358                        PROVIDE (end = .)
                [!provide]                        PROVIDE (_end = .)
                0x20000f58                        . = (. + _Min_Heap_Size)
 *fill*         0x20000358      0xc00 
                0x20001b58                        . = (. + _Min_Stack_Size)
 *fill*         0x20000f58      0xc00 
                0x20001b58                        . = ALIGN (0x8)

/DISCARD/
 libc.a(*)
 libm.a(*)
 libgcc.a(*)

.ARM.attributes
                0x00000000       0x30
 *(.ARM.attributes)
 .ARM.attributes
                0x00000000       0x22 C:/ST/STM32CubeIDE_2.0.0/STM32CubeIDE/plugins/com.st.stm32cube.ide.mcu.externaltools.gnu-tools-for-stm32.13.3.rel1.win32_1.0.100.202509120712/tools/bin/../lib/gcc/arm-none-eabi/13.3.1/thumb/v7e-m+fp/hard/crti.o
 .ARM.attributes
                0x00000022       0x34 C:/ST/STM32CubeIDE_2.0.0/STM32CubeIDE/plugins/com.st.stm32cube.ide.mcu.externaltools.gnu-tools-for-stm32.13.3.rel1.win32_1.0.100.202509120712/tools/bin/../lib/gcc/arm-none-eabi/13.3.1/thumb/v7e-m+fp/hard/crtbegin.o
 .ARM.attributes
                0x00000056       0x34 ./Src/lib.o
 .ARM.attributes
                0x0000008a       0x34 ./Src/main.o
 .ARM.attributes
                0x000000be       0x21 ./Src/startup.o
 .ARM.attributes
                0x000000df       0x34 C:/ST/STM32CubeIDE_2.0.0/STM32CubeIDE/plugins/com.st.stm32cube.ide.mcu.externaltools.gnu-tools-for-stm32.13.3.rel1.win32_1.0.100.202509120712/tools/bin/../lib/gcc/arm-none-eabi/13.3.1/../../../../arm-none-eabi/lib/thumb/v7e-m+fp/hard\libstdc++_nano.a(new_op.o)
 .ARM.attributes
                0x00000113       0x34 C:/ST/STM32CubeIDE_2.0.0/STM32CubeIDE/plugins/com.st.stm32cube.ide.mcu.externaltools.gnu-tools-for-stm32.13.3.rel1.win32_1.0.100.202509120712/tools/bin/../lib/gcc/arm-none-eabi/13.3.1/../../../../arm-none-eabi/lib/thumb/v7e-m+fp/hard\libstdc++_nano.a(new_opv.o)
 .ARM.attributes
                0x00000147       0x34 C:/ST/STM32CubeIDE_2.0.0/STM32CubeIDE/plugins/com.st.stm32cube.ide.mcu.externaltools.gnu-tools-for-stm32.13.3.rel1.win32_1.0.100.202509120712/tools/bin/../lib/gcc/arm-none-eabi/13.3.1/../../../../arm-none-eabi/lib/thumb/v7e-m+fp/hard\libstdc++_nano.a(new_handler.o)
 .ARM.attributes
                0x0000017b       0x34 C:/ST/STM32CubeIDE_2.0.0/STM32CubeIDE/plugins/com.st.stm32cube.ide.mcu.externaltools.gnu-tools-for-stm32.13.3.rel1.win32_1.0.100.202509120712/tools/bin/../lib/gcc/arm-none-eabi/13.3.1/../../../../arm-none-eabi/lib/thumb/v7e-m+fp/hard\libc_nano.a(libc_a-abort.o)
 .ARM.attributes
                0x000001af       0x34 C:/ST/STM32CubeIDE_2.0.0/STM32CubeIDE/plugins/com.st.stm32cube.ide.mcu.externaltools.gnu-tools-for-stm32.13.3.rel1.win32_1.0.100.202509120712/tools/bin/../lib/gcc/arm-none-eabi/13.3.1/../../../../arm-none-eabi/lib/thumb/v7e-m+fp/hard\libc_nano.a(libc_a-malloc.o)
 .ARM.attributes
                0x000001e3       0x34 C:/ST/STM32CubeIDE_2.0.0/STM32CubeIDE/plugins/com.st.stm32cube.ide.mcu.externaltools.gnu-tools-for-stm32.13.3.rel1.win32_1.0.100.202509120712/tools/bin/../lib/gcc/arm-none-eabi/13.3.1/../../../../arm-none-eabi/lib/thumb/v7e-m+fp/hard\libc_nano.a(libc_a-mallocr.o)
 .ARM.attributes
                0x00000217       0x34 C:/ST/STM32CubeIDE_2.0.0/STM32CubeIDE/plugins/com.st.stm32cube.ide.mcu.externaltools.gnu-tools-for-stm32.13.3.rel1.win32_1.0.100.202509120712/tools/bin/../lib/gcc/arm-none-eabi/13.3.1/../../../../arm-none-eabi/lib/thumb/v7e-m+fp/hard\libc_nano.a(libc_a-mlock.o)
 .ARM.attributes
                0x0000024b       0x34 C:/ST/STM32CubeIDE_2.0.0/STM32CubeIDE/plugins/com.st.stm32cube.ide.mcu.externaltools.gnu-tools-for-stm32.13.3.rel1.win32_1.0.100.202509120712/tools/bin/../lib/gcc/arm-none-eabi/13.3.1/../../../../arm-none-eabi/lib/thumb/v7e-m+fp/hard\libc_nano.a(libc_a-findfp.o)
 .ARM.attributes
                0x0000027f       0x34 C:/ST/STM32CubeIDE_2.0.0/STM32CubeIDE/plugins/com.st.stm32cube.ide.mcu.externaltools.gnu-tools-for-stm32.13.3.rel1.win32_1.0.100.202509120712/tools/bin/../lib/gcc/arm-none-eabi/13.3.1/../../../../arm-none-eabi/lib/thumb/v7e-m+fp/hard\libc_nano.a(libc_a-vsnprintf.o)
 .ARM.attributes
                0x000002b3       0x34 C:/ST/STM32CubeIDE_2.0.0/STM32CubeIDE/plugins/com.st.stm32cube.ide.mcu.externaltools.gnu-tools-for-stm32.13.3.rel1.win32_1.0.100.202509120712/tools/bin/../lib/gcc/arm-none-eabi/13.3.1/../../../../arm-none-eabi/lib/thumb/v7e-m+fp/hard\libc_nano.a(libc_a-signal.o)
 .ARM.attributes
                0x000002e7       0x34 C:/ST/STM32CubeIDE_2.0.0/STM32CubeIDE/plugins/com.st.stm32cube.ide.mcu.externaltools.gnu-tools-for-stm32.13.3.rel1.win32_1.0.100.202509120712/tools/bin/../lib/gcc/arm-none-eabi/13.3.1/../../../../arm-none-eabi/lib/thumb/v7e-m+fp/hard\libc_nano.a(libc_a-reent.o)
 .ARM.attributes
                0x0000031b       0x34 C:/ST/STM32CubeIDE_2.0.0/STM32CubeIDE/plugins/com.st.stm32cube.ide.mcu.externaltools.gnu-tools-for-stm32.13.3.rel1.win32_1.0.100.202509120712/tools/bin/../lib/gcc/arm-none-eabi/13.3.1/../../../../arm-none-eabi/lib/thumb/v7e-m+fp/hard\libc_nano.a(libc_a-impure.o)
 .ARM.attributes
                0x0000034f       0x34 C:/ST/STM32CubeIDE_2.0.0/STM32CubeIDE/plugins/com.st.stm32cube.ide.mcu.externaltools.gnu-tools-for-stm32.13.3.rel1.win32_1.0.100.202509120712/tools/bin/../lib/gcc/arm-none-eabi/13.3.1/../../../../arm-none-eabi/lib/thumb/v7e-m+fp/hard\libc_nano.a(libc_a-signalr.o)
 .ARM.attributes
                0x00000383       0x34 C:/ST/STM32CubeIDE_2.0.0/STM32CubeIDE/plugins/com.st.stm32cube.ide.mcu.externaltools.gnu-tools-for-stm32.13.3.rel1.win32_1.0.100.202509120712/tools/bin/../lib/gcc/arm-none-eabi/13.3.1/../../../../arm-none-eabi/lib/thumb/v7e-m+fp/hard\libc_nano.a(libc_a-sbrkr.o)
 .ARM.attributes
                0x000003b7       0x34 C:/ST/STM32CubeIDE_2.0.0/STM32CubeIDE/plugins/com.st.stm32cube.ide.mcu.externaltools.gnu-tools-for-stm32.13.3.rel1.win32_1.0.100.202509120712/tools/bin/../lib/gcc/arm-none-eabi/13.3.1/../../../../arm-none-eabi/lib/thumb/v7e-m+fp/hard\libc_nano.a(libc_a-init.o)
 .ARM.attributes
                0x000003eb       0x34 C:/ST/STM32CubeIDE_2.0.0/STM32CubeIDE/plugins/com.st.stm32cube.ide.mcu.externaltools.gnu-tools-for-stm32.13.3.rel1.win32_1.0.100.202509120712/tools/bin/../lib/gcc/arm-none-eabi/13.3.1/../../../../arm-none-eabi/lib/thumb/v7e-m+fp/hard\libc_nano.a(libc_a-lock.o)
 .ARM.attributes
                0x0000041f       0x34 C:/ST/STM32CubeIDE_2.0.0/STM32CubeIDE/plugins/com.st.stm32cube.ide.mcu.externaltools.gnu-tools-for-stm32.13.3.rel1.win32_1.0.100.202509120712/tools/bin/../lib/gcc/arm-none-eabi/13.3.1/../../../../arm-none-eabi/lib/thumb/v7e-m+fp/hard\libc_nano.a(libc_a-memcpy-stub.o)
 .ARM.attributes
                0x00000453       0x17 C:/ST/STM32CubeIDE_2.0.0/STM32CubeIDE/plugins/com.st.stm32cube.ide.mcu.externaltools.gnu-tools-for-stm32.13.3.rel1.win32_1.0.100.202509120712/tools/bin/../lib/gcc/arm-none-eabi/13.3.1/../../../../arm-none-eabi/lib/thumb/v7e-m+fp/hard\libc_nano.a(libc_a-strlen.o)
 .ARM.attributes
                0x0000046a       0x34 C:/ST/STM32CubeIDE_2.0.0/STM32CubeIDE/plugins/com.st.stm32cube.ide.mcu.externaltools.gnu-tools-for-stm32.13.3.rel1.win32_1.0.100.202509120712/tools/bin/../lib/gcc/arm-none-eabi/13.3.1/../../../../arm-none-eabi/lib/thumb/v7e-m+fp/hard\libc_nano.a(libc_a-freer.o)
 .ARM.attributes
                0x0000049e       0x34 C:/ST/STM32CubeIDE_2.0.0/STM32CubeIDE/plugins/com.st.stm32cube.ide.mcu.externaltools.gnu-tools-for-stm32.13.3.rel1.win32_1.0.100.202509120712/tools/bin/../lib/gcc/arm-none-eabi/13.3.1/../../../../arm-none-eabi/lib/thumb/v7e-m+fp/hard\libc_nano.a(libc_a-nano-svfprintf.o)
 .ARM.attributes
                0x000004d2       0x34 C:/ST/STM32CubeIDE_2.0.0/STM32CubeIDE/plugins/com.st.stm32cube.ide.mcu.externaltools.gnu-tools-for-stm32.13.3.rel1.win32_1.0.100.202509120712/tools/bin/../lib/gcc/arm-none-eabi/13.3.1/../../../../arm-none-eabi/lib/thumb/v7e-m+fp/hard\libc_nano.a(libc_a-nano-vfprintf_i.o)
 .ARM.attributes
                0x00000506       0x34 C:/ST/STM32CubeIDE_2.0.0/STM32CubeIDE/plugins/com.st.stm32cube.ide.mcu.externaltools.gnu-tools-for-stm32.13.3.rel1.win32_1.0.100.202509120712/tools/bin/../lib/gcc/arm-none-eabi/13.3.1/../../../../arm-none-eabi/lib/thumb/v7e-m+fp/hard\libc_nano.a(libc_a-memmove.o)
 .ARM.attributes
                0x0000053a       0x1c C:/ST/STM32CubeIDE_2.0.0/STM32CubeIDE/plugins/com.st.stm32cube.ide.mcu.externaltools.gnu-tools-for-stm32.13.3.rel1.win32_1.0.100.202509120712/tools/bin/../lib/gcc/arm-none-eabi/13.3.1/../../../../arm-none-eabi/lib/thumb/v7e-m+fp/hard\libc_nano.a(libc_a-memchr.o)
 .ARM.attributes
                0x00000556       0x34 C:/ST/STM32CubeIDE_2.0.0/STM32CubeIDE/plugins/com.st.stm32cube.ide.mcu.externaltools.gnu-tools-for-stm32.13.3.rel1.win32_1.0.100.202509120712/tools/bin/../lib/gcc/arm-none-eabi/13.3.1/../../../../arm-none-eabi/lib/thumb/v7e-m+fp/hard\libc_nano.a(libc_a-reallocr.o)
 .ARM.attributes
                0x0000058a       0x34 C:/ST/STM32CubeIDE_2.0.0/STM32CubeIDE/plugins/com.st.stm32cube.ide.mcu.externaltools.gnu-tools-for-stm32.13.3.rel1.win32_1.0.100.202509120712/tools/bin/../lib/gcc/arm-none-eabi/13.3.1/../../../../arm-none-eabi/lib/thumb/v7e-m+fp/hard\libc_nano.a(libc_a-msizer.o)
 .ARM.attributes
                0x000005be       0x22 C:/ST/STM32CubeIDE_2.0.0/STM32CubeIDE/plugins/com.st.stm32cube.ide.mcu.externaltools.gnu-tools-for-stm32.13.3.rel1.win32_1.0.100.202509120712/tools/bin/../lib/gcc/arm-none-eabi/13.3.1/thumb/v7e-m+fp/hard\libgcc.a(_arm_addsubdf3.o)
 .ARM.attributes
                0x000005e0       0x22 C:/ST/STM32CubeIDE_2.0.0/STM32CubeIDE/plugins/com.st.stm32cube.ide.mcu.externaltools.gnu-tools-for-stm32.13.3.rel1.win32_1.0.100.202509120712/tools/bin/../lib/gcc/arm-none-eabi/13.3.1/thumb/v7e-m+fp/hard\libgcc.a(_arm_muldivdf3.o)
 .ARM.attributes
                0x00000602       0x22 C:/ST/STM32CubeIDE_2.0.0/STM32CubeIDE/plugins/com.st.stm32cube.ide.mcu.externaltools.gnu-tools-for-stm32.13.3.rel1.win32_1.0.100.202509120712/tools/bin/../lib/gcc/arm-none-eabi/13.3.1/thumb/v7e-m+fp/hard\libgcc.a(_arm_fixunsdfsi.o)
 .ARM.attributes
                0x00000624       0x34 C:/ST/STM32CubeIDE_2.0.0/STM32CubeIDE/plugins/com.st.stm32cube.ide.mcu.externaltools.gnu-tools-for-stm32.13.3.rel1.win32_1.0.100.202509120712/tools/bin/../lib/gcc/arm-none-eabi/13.3.1/thumb/v7e-m+fp/hard\libgcc.a(unwind-arm.o)
 .ARM.attributes
                0x00000658       0x22 C:/ST/STM32CubeIDE_2.0.0/STM32CubeIDE/plugins/com.st.stm32cube.ide.mcu.externaltools.gnu-tools-for-stm32.13.3.rel1.win32_1.0.100.202509120712/tools/bin/../lib/gcc/arm-none-eabi/13.3.1/thumb/v7e-m+fp/hard\libgcc.a(libunwind.o)
 .ARM.attributes
                0x0000067a       0x34 C:/ST/STM32CubeIDE_2.0.0/STM32CubeIDE/plugins/com.st.stm32cube.ide.mcu.externaltools.gnu-tools-for-stm32.13.3.rel1.win32_1.0.100.202509120712/tools/bin/../lib/gcc/arm-none-eabi/13.3.1/thumb/v7e-m+fp/hard\libgcc.a(pr-support.o)
 .ARM.attributes
                0x000006ae       0x34 C:/ST/STM32CubeIDE_2.0.0/STM32CubeIDE/plugins/com.st.stm32cube.ide.mcu.externaltools.gnu-tools-for-stm32.13.3.rel1.win32_1.0.100.202509120712/tools/bin/../lib/gcc/arm-none-eabi/13.3.1/../../../../arm-none-eabi/lib/thumb/v7e-m+fp/hard\libnosys.a(getpid.o)
 .ARM.attributes
                0x000006e2       0x34 C:/ST/STM32CubeIDE_2.0.0/STM32CubeIDE/plugins/com.st.stm32cube.ide.mcu.externaltools.gnu-tools-for-stm32.13.3.rel1.win32_1.0.100.202509120712/tools/bin/../lib/gcc/arm-none-eabi/13.3.1/../../../../arm-none-eabi/lib/thumb/v7e-m+fp/hard\libnosys.a(kill.o)
 .ARM.attributes
                0x00000716       0x34 C:/ST/STM32CubeIDE_2.0.0/STM32CubeIDE/plugins/com.st.stm32cube.ide.mcu.externaltools.gnu-tools-for-stm32.13.3.rel1.win32_1.0.100.202509120712/tools/bin/../lib/gcc/arm-none-eabi/13.3.1/../../../../arm-none-eabi/lib/thumb/v7e-m+fp/hard\libnosys.a(sbrk.o)
 .ARM.attributes
                0x0000074a       0x34 C:/ST/STM32CubeIDE_2.0.0/STM32CubeIDE/plugins/com.st.stm32cube.ide.mcu.externaltools.gnu-tools-for-stm32.13.3.rel1.win32_1.0.100.202509120712/tools/bin/../lib/gcc/arm-none-eabi/13.3.1/../../../../arm-none-eabi/lib/thumb/v7e-m+fp/hard\libnosys.a(_exit.o)
 .ARM.attributes
                0x0000077e       0x22 C:/ST/STM32CubeIDE_2.0.0/STM32CubeIDE/plugins/com.st.stm32cube.ide.mcu.externaltools.gnu-tools-for-stm32.13.3.rel1.win32_1.0.100.202509120712/tools/bin/../lib/gcc/arm-none-eabi/13.3.1/thumb/v7e-m+fp/hard/crtn.o
OUTPUT(STM32L4xx.elf elf32-littlearm)
LOAD linker stubs
LOAD C:/ST/STM32CubeIDE_2.0.0/STM32CubeIDE/plugins/com.st.stm32cube.ide.mcu.externaltools.gnu-tools-for-stm32.13.3.rel1.win32_1.0.100.202509120712/tools/bin/../lib/gcc/arm-none-eabi/13.3.1/../../../../arm-none-eabi/lib/thumb/v7e-m+fp/hard\libc.a
LOAD C:/ST/STM32CubeIDE_2.0.0/STM32CubeIDE/plugins/com.st.stm32cube.ide.mcu.externaltools.gnu-tools-for-stm32.13.3.rel1.win32_1.0.100.202509120712/tools/bin/../lib/gcc/arm-none-eabi/13.3.1/../../../../arm-none-eabi/lib/thumb/v7e-m+fp/hard\libm.a
LOAD C:/ST/STM32CubeIDE_2.0.0/STM32CubeIDE/plugins/com.st.stm32cube.ide.mcu.externaltools.gnu-tools-for-stm32.13.3.rel1.win32_1.0.100.202509120712/tools/bin/../lib/gcc/arm-none-eabi/13.3.1/thumb/v7e-m+fp/hard\libgcc.a

.debug_info     0x00000000    0x18c1c
 .debug_info    0x00000000    0x16b80 ./Src/lib.o
 .debug_info    0x00016b80     0x206c ./Src/main.o
 .debug_info    0x00018bec       0x30 ./Src/startup.o

.debug_abbrev   0x00000000     0x151c
 .debug_abbrev  0x00000000      0xe70 ./Src/lib.o
 .debug_abbrev  0x00000e70      0x688 ./Src/main.o
 .debug_abbrev  0x000014f8       0x24 ./Src/startup.o

.debug_aranges  0x00000000     0x1190
 .debug_aranges
                0x00000000     0x1108 ./Src/lib.o
 .debug_aranges
                0x00001108       0x58 ./Src/main.o
 .debug_aranges
                0x00001160       0x30 ./Src/startup.o

.debug_rnglists
                0x00000000      0xd88
 .debug_rnglists
                0x00000000      0xd2a ./Src/lib.o
 .debug_rnglists
                0x00000d2a       0x3f ./Src/main.o
 .debug_rnglists
                0x00000d69       0x1f ./Src/startup.o

.debug_macro    0x00000000    0x1a39a
 .debug_macro   0x00000000      0x985 ./Src/lib.o
 .debug_macro   0x00000985      0xbc2 ./Src/lib.o
 .debug_macro   0x00001547      0x1f2 ./Src/lib.o
 .debug_macro   0x00001739       0x10 ./Src/lib.o
 .debug_macro   0x00001749      0x409 ./Src/lib.o
 .debug_macro   0x00001b52       0x10 ./Src/lib.o
 .debug_macro   0x00001b62       0x2a ./Src/lib.o
 .debug_macro   0x00001b8c       0x22 ./Src/lib.o
 .debug_macro   0x00001bae       0x5b ./Src/lib.o
 .debug_macro   0x00001c09       0x94 ./Src/lib.o
 .debug_macro   0x00001c9d       0x43 ./Src/lib.o
 .debug_macro   0x00001ce0       0x34 ./Src/lib.o
 .debug_macro   0x00001d14       0x16 ./Src/lib.o
 .debug_macro   0x00001d2a      0x11c ./Src/lib.o
 .debug_macro   0x00001e46       0xa2 ./Src/lib.o
 .debug_macro   0x00001ee8       0x57 ./Src/lib.o
 .debug_macro   0x00001f3f      0x38c ./Src/lib.o
 .debug_macro   0x000022cb       0x16 ./Src/lib.o
 .debug_macro   0x000022e1       0x4a ./Src/lib.o
 .debug_macro   0x0000232b       0x34 ./Src/lib.o
 .debug_macro   0x0000235f       0x10 ./Src/lib.o
 .debug_macro   0x0000236f       0x58 ./Src/lib.o
 .debug_macro   0x000023c7       0x8e ./Src/lib.o
 .debug_macro   0x00002455       0x16 ./Src/lib.o
 .debug_macro   0x0000246b      0x185 ./Src/lib.o
 .debug_macro   0x000025f0       0x16 ./Src/lib.o
 .debug_macro   0x00002606       0x29 ./Src/lib.o
 .debug_macro   0x0000262f       0x1c ./Src/lib.o
 .debug_macro   0x0000264b       0xde ./Src/lib.o
 .debug_macro   0x00002729       0x1c ./Src/lib.o
 .debug_macro   0x00002745      0x103 ./Src/lib.o
 .debug_macro   0x00002848       0x6a ./Src/lib.o
 .debug_macro   0x000028b2      0x1df ./Src/lib.o
 .debug_macro   0x00002a91       0x2e ./Src/lib.o
 .debug_macro   0x00002abf       0x28 ./Src/lib.o
 .debug_macro   0x00002ae7       0x1c ./Src/lib.o
 .debug_macro   0x00002b03       0x22 ./Src/lib.o
 .debug_macro   0x00002b25       0xd9 ./Src/lib.o
 .debug_macro   0x00002bfe     0x102d ./Src/lib.o
 .debug_macro   0x00003c2b      0x11f ./Src/lib.o
 .debug_macro   0x00003d4a    0x14775 ./Src/lib.o
 .debug_macro   0x000184bf       0x43 ./Src/lib.o
 .debug_macro   0x00018502       0x3a ./Src/lib.o
 .debug_macro   0x0001853c       0x16 ./Src/lib.o
 .debug_macro   0x00018552       0x16 ./Src/lib.o
 .debug_macro   0x00018568       0x3c ./Src/lib.o
 .debug_macro   0x000185a4       0x20 ./Src/lib.o
 .debug_macro   0x000185c4       0x1c ./Src/lib.o
 .debug_macro   0x000185e0       0x10 ./Src/lib.o
 .debug_macro   0x000185f0       0x1c ./Src/lib.o
 .debug_macro   0x0001860c       0x16 ./Src/lib.o
 .debug_macro   0x00018622      0x138 ./Src/lib.o
 .debug_macro   0x0001875a       0x4c ./Src/lib.o
 .debug_macro   0x000187a6       0x4a ./Src/lib.o
 .debug_macro   0x000187f0       0x10 ./Src/lib.o
 .debug_macro   0x00018800       0x18 ./Src/lib.o
 .debug_macro   0x00018818      0x194 ./Src/lib.o
 .debug_macro   0x000189ac      0x3cd ./Src/lib.o
 .debug_macro   0x00018d79      0x67e ./Src/main.o
 .debug_macro   0x000193f7      0xbce ./Src/main.o
 .debug_macro   0x00019fc5       0x16 ./Src/main.o
 .debug_macro   0x00019fdb       0x9e ./Src/main.o
 .debug_macro   0x0001a079      0x119 ./Src/main.o
 .debug_macro   0x0001a192       0x16 ./Src/main.o
 .debug_macro   0x0001a1a8      0x1f2 ./Src/main.o

.debug_line     0x00000000     0xbd0e
 .debug_line    0x00000000     0xa1a6 ./Src/lib.o
 .debug_line    0x0000a1a6     0x1ad8 ./Src/main.o
 .debug_line    0x0000bc7e       0x90 ./Src/startup.o

.debug_str      0x00000000    0x91f69
 .debug_str     0x00000000    0x91f69 ./Src/lib.o
                              0x9235f (size before relaxing)
 .debug_str     0x00091f69        0x0 ./Src/main.o
                              0x83c9d (size before relaxing)
 .debug_str     0x00091f69        0x0 ./Src/startup.o
                                 0xe3 (size before relaxing)

.comment        0x00000000       0x43
 .comment       0x00000000       0x43 ./Src/lib.o
                                 0x44 (size before relaxing)
 .comment       0x00000043        0x0 ./Src/main.o
                                 0x44 (size before relaxing)

.debug_frame    0x00000000     0x5d9c
 .debug_frame   0x00000000     0x501c ./Src/lib.o
 .debug_frame   0x0000501c      0x118 ./Src/main.o
 .debug_frame   0x00005134       0x28 C:/ST/STM32CubeIDE_2.0.0/STM32CubeIDE/plugins/com.st.stm32cube.ide.mcu.externaltools.gnu-tools-for-stm32.13.3.rel1.win32_1.0.100.202509120712/tools/bin/../lib/gcc/arm-none-eabi/13.3.1/../../../../arm-none-eabi/lib/thumb/v7e-m+fp/hard\libstdc++_nano.a(new_op.o)
 .debug_frame   0x0000515c       0x20 C:/ST/STM32CubeIDE_2.0.0/STM32CubeIDE/plugins/com.st.stm32cube.ide.mcu.externaltools.gnu-tools-for-stm32.13.3.rel1.win32_1.0.100.202509120712/tools/bin/../lib/gcc/arm-none-eabi/13.3.1/../../../../arm-none-eabi/lib/thumb/v7e-m+fp/hard\libstdc++_nano.a(new_opv.o)
 .debug_frame   0x0000517c       0x30 C:/ST/STM32CubeIDE_2.0.0/STM32CubeIDE/plugins/com.st.stm32cube.ide.mcu.externaltools.gnu-tools-for-stm32.13.3.rel1.win32_1.0.100.202509120712/tools/bin/../lib/gcc/arm-none-eabi/13.3.1/../../../../arm-none-eabi/lib/thumb/v7e-m+fp/hard\libstdc++_nano.a(new_handler.o)
 .debug_frame   0x000051ac       0x28 C:/ST/STM32CubeIDE_2.0.0/STM32CubeIDE/plugins/com.st.stm32cube.ide.mcu.externaltools.gnu-tools-for-stm32.13.3.rel1.win32_1.0.100.202509120712/tools/bin/../lib/gcc/arm-none-eabi/13.3.1/../../../../arm-none-eabi/lib/thumb/v7e-m+fp/hard\libc_nano.a(libc_a-abort.o)
 .debug_frame   0x000051d4       0x30 C:/ST/STM32CubeIDE_2.0.0/STM32CubeIDE/plugins/com.st.stm32cube.ide.mcu.externaltools.gnu-tools-for-stm32.13.3.rel1.win32_1.0.100.202509120712/tools/bin/../lib/gcc/arm-none-eabi/13.3.1/../../../../arm-none-eabi/lib/thumb/v7e-m+fp/hard\libc_nano.a(libc_a-malloc.o)
 .debug_frame   0x00005204       0x50 C:/ST/STM32CubeIDE_2.0.0/STM32CubeIDE/plugins/com.st.stm32cube.ide.mcu.externaltools.gnu-tools-for-stm32.13.3.rel1.win32_1.0.100.202509120712/tools/bin/../lib/gcc/arm-none-eabi/13.3.1/../../../../arm-none-eabi/lib/thumb/v7e-m+fp/hard\libc_nano.a(libc_a-mallocr.o)
 .debug_frame   0x00005254       0x30 C:/ST/STM32CubeIDE_2.0.0/STM32CubeIDE/plugins/com.st.stm32cube.ide.mcu.externaltools.gnu-tools-for-stm32.13.3.rel1.win32_1.0.100.202509120712/tools/bin/../lib/gcc/arm-none-eabi/13.3.1/../../../../arm-none-eabi/lib/thumb/v7e-m+fp/hard\libc_nano.a(libc_a-mlock.o)
 .debug_frame   0x00005284      0x144 C:/ST/STM32CubeIDE_2.0.0/STM32CubeIDE/plugins/com.st.stm32cube.ide.mcu.externaltools.gnu-tools-for-stm32.13.3.rel1.win32_1.0.100.202509120712/tools/bin/../lib/gcc/arm-none-eabi/13.3.1/../../../../arm-none-eabi/lib/thumb/v7e-m+fp/hard\libc_nano.a(libc_a-findfp.o)
 .debug_frame   0x000053c8       0x4c C:/ST/STM32CubeIDE_2.0.0/STM32CubeIDE/plugins/com.st.stm32cube.ide.mcu.externaltools.gnu-tools-for-stm32.13.3.rel1.win32_1.0.100.202509120712/tools/bin/../lib/gcc/arm-none-eabi/13.3.1/../../../../arm-none-eabi/lib/thumb/v7e-m+fp/hard\libc_nano.a(libc_a-vsnprintf.o)
 .debug_frame   0x00005414       0xcc C:/ST/STM32CubeIDE_2.0.0/STM32CubeIDE/plugins/com.st.stm32cube.ide.mcu.externaltools.gnu-tools-for-stm32.13.3.rel1.win32_1.0.100.202509120712/tools/bin/../lib/gcc/arm-none-eabi/13.3.1/../../../../arm-none-eabi/lib/thumb/v7e-m+fp/hard\libc_nano.a(libc_a-signal.o)
 .debug_frame   0x000054e0       0x38 C:/ST/STM32CubeIDE_2.0.0/STM32CubeIDE/plugins/com.st.stm32cube.ide.mcu.externaltools.gnu-tools-for-stm32.13.3.rel1.win32_1.0.100.202509120712/tools/bin/../lib/gcc/arm-none-eabi/13.3.1/../../../../arm-none-eabi/lib/thumb/v7e-m+fp/hard\libc_nano.a(libc_a-reent.o)
 .debug_frame   0x00005518       0x3c C:/ST/STM32CubeIDE_2.0.0/STM32CubeIDE/plugins/com.st.stm32cube.ide.mcu.externaltools.gnu-tools-for-stm32.13.3.rel1.win32_1.0.100.202509120712/tools/bin/../lib/gcc/arm-none-eabi/13.3.1/../../../../arm-none-eabi/lib/thumb/v7e-m+fp/hard\libc_nano.a(libc_a-signalr.o)