../../../../Src/Board/STM32-Nucleo32-L432/ReportHandler.h:13:16:virtual void myReportHandler::onReport(WORD, WORD, bool)	24	static
../../../../Src/Board/STM32-Nucleo32-L432/ReportHandler.h:11:7:myReportHandler::myReportHandler()	16	static
C:/Users/mado2/Downloads/Simple/Src/main.cpp:30:5:int main()	24	static,ignoring_inline_asm
C:/Users/mado2/Downloads/Simple/Src/main.cpp:148:1:void __static_initialization_and_destruction_0()	16	static
../../../../Src/Board/STM32-Nucleo32-L432/ReportHandler.h:11:7:myReportHandler::~myReportHandler()	16	static
C:/Users/mado2/Downloads/Simple/Src/main.cpp:148:1:void __static_initialization_and_destruction_1()	8	static
C:/Users/mado2/Downloads/Simple/Src/main.cpp:148:1:cpp)	8	static
C:/Users/mado2/Downloads/Simple/Src/main.cpp:148:1:cpp)	8	static
